Component: ARM Compiler 5.06 update 5 (build 528) Tool: armlink [4d35e2]

==============================================================================

Section Cross References

    startup_stm32f10x_md.o(STACK) refers (Special) to heapauxi.o(.text) for __use_two_region_memory
    startup_stm32f10x_md.o(HEAP) refers (Special) to heapauxi.o(.text) for __use_two_region_memory
    startup_stm32f10x_md.o(RESET) refers (Special) to heapauxi.o(.text) for __use_two_region_memory
    startup_stm32f10x_md.o(RESET) refers to startup_stm32f10x_md.o(STACK) for __initial_sp
    startup_stm32f10x_md.o(RESET) refers to startup_stm32f10x_md.o(.text) for Reset_Handler
    startup_stm32f10x_md.o(RESET) refers to stm32f10x_it.o(i.NMI_Handler) for NMI_Handler
    startup_stm32f10x_md.o(RESET) refers to stm32f10x_it.o(i.HardFault_Handler) for HardFault_Handler
    startup_stm32f10x_md.o(RESET) refers to stm32f10x_it.o(i.MemManage_Handler) for MemManage_Handler
    startup_stm32f10x_md.o(RESET) refers to stm32f10x_it.o(i.BusFault_Handler) for BusFault_Handler
    startup_stm32f10x_md.o(RESET) refers to stm32f10x_it.o(i.UsageFault_Handler) for UsageFault_Handler
    startup_stm32f10x_md.o(RESET) refers to stm32f10x_it.o(i.SVC_Handler) for SVC_Handler
    startup_stm32f10x_md.o(RESET) refers to stm32f10x_it.o(i.DebugMon_Handler) for DebugMon_Handler
    startup_stm32f10x_md.o(RESET) refers to stm32f10x_it.o(i.PendSV_Handler) for PendSV_Handler
    startup_stm32f10x_md.o(RESET) refers to stm32f10x_it.o(i.SysTick_Handler) for SysTick_Handler
    startup_stm32f10x_md.o(RESET) refers to serial.o(i.USART2_IRQHandler) for USART2_IRQHandler
    startup_stm32f10x_md.o(.text) refers (Special) to heapauxi.o(.text) for __use_two_region_memory
    startup_stm32f10x_md.o(.text) refers to system_stm32f10x.o(i.SystemInit) for SystemInit
    startup_stm32f10x_md.o(.text) refers to __main.o(!!!main) for __main
    startup_stm32f10x_md.o(.text) refers to startup_stm32f10x_md.o(HEAP) for Heap_Mem
    startup_stm32f10x_md.o(.text) refers to startup_stm32f10x_md.o(STACK) for Stack_Mem
    system_stm32f10x.o(i.SetSysClock) refers to system_stm32f10x.o(i.SetSysClockTo72) for SetSysClockTo72
    system_stm32f10x.o(i.SystemCoreClockUpdate) refers to system_stm32f10x.o(.data) for SystemCoreClock
    system_stm32f10x.o(i.SystemInit) refers to system_stm32f10x.o(i.SetSysClock) for SetSysClock
    stm32f10x_adc.o(i.ADC_DeInit) refers to stm32f10x_rcc.o(i.RCC_APB2PeriphResetCmd) for RCC_APB2PeriphResetCmd
    stm32f10x_bkp.o(i.BKP_DeInit) refers to stm32f10x_rcc.o(i.RCC_BackupResetCmd) for RCC_BackupResetCmd
    stm32f10x_can.o(i.CAN_DeInit) refers to stm32f10x_rcc.o(i.RCC_APB1PeriphResetCmd) for RCC_APB1PeriphResetCmd
    stm32f10x_can.o(i.CAN_GetITStatus) refers to stm32f10x_can.o(i.CheckITStatus) for CheckITStatus
    stm32f10x_cec.o(i.CEC_DeInit) refers to stm32f10x_rcc.o(i.RCC_APB1PeriphResetCmd) for RCC_APB1PeriphResetCmd
    stm32f10x_dac.o(i.DAC_DeInit) refers to stm32f10x_rcc.o(i.RCC_APB1PeriphResetCmd) for RCC_APB1PeriphResetCmd
    stm32f10x_flash.o(i.FLASH_EnableWriteProtection) refers to stm32f10x_flash.o(i.FLASH_WaitForLastOperation) for FLASH_WaitForLastOperation
    stm32f10x_flash.o(i.FLASH_EraseAllBank1Pages) refers to stm32f10x_flash.o(i.FLASH_WaitForLastBank1Operation) for FLASH_WaitForLastBank1Operation
    stm32f10x_flash.o(i.FLASH_EraseAllPages) refers to stm32f10x_flash.o(i.FLASH_WaitForLastOperation) for FLASH_WaitForLastOperation
    stm32f10x_flash.o(i.FLASH_EraseOptionBytes) refers to stm32f10x_flash.o(i.FLASH_GetReadOutProtectionStatus) for FLASH_GetReadOutProtectionStatus
    stm32f10x_flash.o(i.FLASH_EraseOptionBytes) refers to stm32f10x_flash.o(i.FLASH_WaitForLastOperation) for FLASH_WaitForLastOperation
    stm32f10x_flash.o(i.FLASH_ErasePage) refers to stm32f10x_flash.o(i.FLASH_WaitForLastOperation) for FLASH_WaitForLastOperation
    stm32f10x_flash.o(i.FLASH_ProgramHalfWord) refers to stm32f10x_flash.o(i.FLASH_WaitForLastOperation) for FLASH_WaitForLastOperation
    stm32f10x_flash.o(i.FLASH_ProgramOptionByteData) refers to stm32f10x_flash.o(i.FLASH_WaitForLastOperation) for FLASH_WaitForLastOperation
    stm32f10x_flash.o(i.FLASH_ProgramWord) refers to stm32f10x_flash.o(i.FLASH_WaitForLastOperation) for FLASH_WaitForLastOperation
    stm32f10x_flash.o(i.FLASH_ReadOutProtection) refers to stm32f10x_flash.o(i.FLASH_WaitForLastOperation) for FLASH_WaitForLastOperation
    stm32f10x_flash.o(i.FLASH_UserOptionByteConfig) refers to stm32f10x_flash.o(i.FLASH_WaitForLastOperation) for FLASH_WaitForLastOperation
    stm32f10x_flash.o(i.FLASH_WaitForLastBank1Operation) refers to stm32f10x_flash.o(i.FLASH_GetBank1Status) for FLASH_GetBank1Status
    stm32f10x_flash.o(i.FLASH_WaitForLastOperation) refers to stm32f10x_flash.o(i.FLASH_GetBank1Status) for FLASH_GetBank1Status
    stm32f10x_gpio.o(i.GPIO_AFIODeInit) refers to stm32f10x_rcc.o(i.RCC_APB2PeriphResetCmd) for RCC_APB2PeriphResetCmd
[...]
    atanhi                                   0x080087e0   Data          32  atan.o(.constdata)
    atanlo                                   0x08008800   Data          32  atan.o(.constdata)
    aTodd                                    0x08008820   Data          40  atan.o(.constdata)
    aTeven                                   0x08008848   Data          48  atan.o(.constdata)
    .constdata                               0x08008878   Section        8  qnan.o(.constdata)
    .constdata                               0x08008880   Section      148  bigflt0.o(.constdata)
    tenpwrs_x                                0x08008880   Data          60  bigflt0.o(.constdata)
    tenpwrs_i                                0x080088bc   Data          64  bigflt0.o(.constdata)
    c$$dinf                                  0x08008934   Section        8  fpconst.o(c$$dinf)
    c$$dmax                                  0x0800893c   Section        8  fpconst.o(c$$dmax)
    locale$$data                             0x08008944   Section       28  lc_numeric_c.o(locale$$data)
    __lcnum_c_name                           0x08008948   Data           2  lc_numeric_c.o(locale$$data)
    __lcnum_c_start                          0x08008950   Data           0  lc_numeric_c.o(locale$$data)
    __lcnum_c_point                          0x0800895c   Data           0  lc_numeric_c.o(locale$$data)
    __lcnum_c_thousands                      0x0800895e   Data           0  lc_numeric_c.o(locale$$data)
    __lcnum_c_grouping                       0x0800895f   Data           0  lc_numeric_c.o(locale$$data)
    locale$$data                             0x08008960   Section      272  lc_ctype_c.o(locale$$data)
    __lcnum_c_end                            0x08008960   Data           0  lc_numeric_c.o(locale$$data)
    __lcctype_c_name                         0x08008964   Data           2  lc_ctype_c.o(locale$$data)
    __lcctype_c_start                        0x0800896c   Data           0  lc_ctype_c.o(locale$$data)
    __lcctype_c_end                          0x08008a70   Data           0  lc_ctype_c.o(locale$$data)
    .data                                    0x20000000   Section       20  stm32f10x_rcc.o(.data)
    APBAHBPrescTable                         0x20000000   Data          16  stm32f10x_rcc.o(.data)
    ADCPrescTable                            0x20000010   Data           4  stm32f10x_rcc.o(.data)
    .data                                    0x20000014   Section        3  serial.o(.data)
    RxState                                  0x20000015   Data           1  serial.o(.data)
    pRxPacket                                0x20000016   Data           1  serial.o(.data)
    .data                                    0x20000018   Section       60  main.o(.data)
    .data                                    0x20000054   Section       53  inv_mpu.o(.data)
    st                                       0x20000054   Data          44  inv_mpu.o(.data)
    gyro_orientation                         0x20000080   Data           9  inv_mpu.o(.data)
    .data                                    0x2000008c   Section        4  strtok.o(.data)
    _strtok_saves1                           0x2000008c   Data           4  strtok.o(.data)
    .bss                                     0x20000090   Section      100  serial.o(.bss)
    .bss                                     0x200000f4   Section       16  inv_mpu_dmp_motion_driver.o(.bss)
    dmp                                      0x200000f4   Data          16  inv_mpu_dmp_motion_driver.o(.bss)
    .bss                                     0x20000104   Section       96  libspace.o(.bss)
    HEAP                                     0x20000168   Section      512  startup_stm32f10x_md.o(HEAP)
    Heap_Mem                                 0x20000168   Data         512  startup_stm32f10x_md.o(HEAP)
    STACK                                    0x20000368   Section     1024  startup_stm32f10x_md.o(STACK)
    Stack_Mem                                0x20000368   Data        1024  startup_stm32f10x_md.o(STACK)
    __initial_sp                             0x20000768   Data           0  startup_stm32f10x_md.o(STACK)

    Global Symbols

    Symbol Name                              Value     Ov Type        Size  Object(Section)

    BuildAttributes$$THM_ISAv4$P$D$K$B$S$PE$A:L22UL41UL21$X:L11$S22US41US21$IEEE1$IW$USESV6$~STKCKD$USESV7$~SHL$OTIME$ROPI$IEEEX$EBA8$UX$STANDARDLIB$REQ8$PRES8$EABIv2 0x00000000   Number         0  anon$$obj.o ABSOLUTE
    __ARM_use_no_argv                        0x00000000   Number         0  main.o ABSOLUTE
    _printf_flags                            0x00000000   Number         0  printf_stubs.o ABSOLUTE
    _printf_return_value                     0x00000000   Number         0  printf_stubs.o ABSOLUTE
    _printf_sizespec                         0x00000000   Number         0  printf_stubs.o ABSOLUTE
    _printf_widthprec                        0x00000000   Number         0  printf_stubs.o ABSOLUTE
    __ARM_exceptions_init                     - Undefined Weak Reference
    __alloca_initialize                       - Undefined Weak Reference
    __arm_preinit_                            - Undefined Weak Reference
    __cpp_initialize__aeabi_                  - Undefined Weak Reference
    __cxa_finalize                            - Undefined Weak Reference
    __sigvec_lookup                           - Undefined Weak Reference
    _atexit_init                              - Undefined Weak Reference
    _call_atexit_fns                          - Undefined Weak Reference
    _clock_init                               - Undefined Weak Reference
    _fp_trap_init                             - Undefined Weak Reference
    _fp_trap_shutdown                         - Undefined Weak Reference
    _get_lc_collate                           - Undefined Weak Reference
    _get_lc_monetary                          - Undefined Weak Reference
    _get_lc_time                              - Undefined Weak Reference
    _getenv_init                              - Undefined Weak Reference
    _handle_redirection                       - Undefined Weak Reference
    _init_alloc                               - Undefined Weak Reference
    _init_user_alloc                          - Undefined Weak Reference
    _initio                                   - Undefined Weak Reference
    _printf_mbtowc                            - Undefined Weak Reference
    _printf_wc                                - Undefined Weak Reference
    _rand_init                                - Undefined Weak Reference
    _signal_finish                            - Undefined Weak Reference
    _signal_init                              - Undefined Weak Reference
    _terminate_alloc                          - Undefined Weak Reference
    _terminate_user_alloc                     - Undefined Weak Reference
    _terminateio                              - Undefined Weak Reference
    __Vectors_Size                           0x000000ec   Number         0  startup_stm32f10x_md.o ABSOLUTE
    __Vectors                                0x08000000   Data           4  startup_stm32f10x_md.o(RESET)
    __Vectors_End                            0x080000ec   Data           0  startup_stm32f10x_md.o(RESET)
    __main                                   0x080000ed   Thumb Code     8  __main.o(!!!main)
    __scatterload                            0x080000f5   Thumb Code     0  __scatter.o(!!!scatter)
    __scatterload_rt2                        0x080000f5   Thumb Code    44  __scatter.o(!!!scatter)
    __scatterload_rt2_thumb_only             0x080000f5   Thumb Code     0  __scatter.o(!!!scatter)
    __scatterload_null                       0x08000103   Thumb Code     0  __scatter.o(!!!scatter)
    __scatterload_copy                       0x08000129   Thumb Code    26  __scatter_copy.o(!!handler_copy)
    __scatterload_zeroinit                   0x08000145   Thumb Code    28  __scatter_zi.o(!!handler_zi)
    __rt_lib_init                            0x08000161   Thumb Code     0  libinit.o(.ARM.Collect$$libinit$$00000000)
    __rt_lib_init_fp_1                       0x08000163   Thumb Code     0  libinit2.o(.ARM.Collect$$libinit$$00000002)
    __rt_lib_init_heap_1                     0x08000163   Thumb Code     0  libinit2.o(.ARM.Collect$$libinit$$0000000A)
    __rt_lib_init_lc_common                  0x08000163   Thumb Code     0  libinit2.o(.ARM.Collect$$libinit$$0000000F)
    __rt_lib_init_preinit_1                  0x08000163   Thumb Code     0  libinit2.o(.ARM.Collect$$libinit$$00000004)
    __rt_lib_init_rand_1                     0x08000163   Thumb Code     0  libinit2.o(.ARM.Collect$$libinit$$0000000E)
    __rt_lib_init_user_alloc_1               0x08000163   Thumb Code     0  libinit2.o(.ARM.Collect$$libinit$$0000000C)
    __rt_lib_init_lc_collate_1               0x08000169   Thumb Code     0  libinit2.o(.ARM.Collect$$libinit$$00000011)
    __rt_lib_init_lc_ctype_2                 0x08000169   Thumb Code     0  libinit2.o(.ARM.Collect$$libinit$$00000012)
    __rt_lib_init_lc_ctype_1                 0x08000175   Thumb Code     0  libinit2.o(.ARM.Collect$$libinit$$00000013)
    __rt_lib_init_lc_monetary_1              0x08000175   Thumb Code     0  libinit2.o(.ARM.Collect$$libinit$$00000015)
    __rt_lib_init_lc_numeric_2               0x08000175   Thumb Code     0  libinit2.o(.ARM.Collect$$libinit$$00000016)
    __rt_lib_init_alloca_1                   0x0800017f   Thumb Code     0  libinit2.o(.ARM.Collect$$libinit$$0000002E)
    __rt_lib_init_argv_1                     0x0800017f   Thumb Code     0  libinit2.o(.ARM.Collect$$libinit$$0000002C)
    __rt_lib_init_atexit_1                   0x0800017f   Thumb Code     0  libinit2.o(.ARM.Collect$$libinit$$0000001B)
    __rt_lib_init_clock_1                    0x0800017f   Thumb Code     0  libinit2.o(.ARM.Collect$$libinit$$00000021)
    __rt_lib_init_cpp_1                      0x0800017f   Thumb Code     0  libinit2.o(.ARM.Collect$$libinit$$00000032)
    __rt_lib_init_exceptions_1               0x0800017f   Thumb Code     0  libinit2.o(.ARM.Collect$$libinit$$00000030)
    __rt_lib_init_fp_trap_1                  0x0800017f   Thumb Code     0  libinit2.o(.ARM.Collect$$libinit$$0000001F)
    __rt_lib_init_getenv_1                   0x0800017f   Thumb Code     0  libinit2.o(.ARM.Collect$$libinit$$00000023)
    __rt_lib_init_lc_numeric_1               0x0800017f   Thumb Code     0  libinit2.o(.ARM.Collect$$libinit$$00000017)
    __rt_lib_init_lc_time_1                  0x0800017f   Thumb Code     0  libinit2.o(.ARM.Collect$$libinit$$00000019)
    __rt_lib_init_return                     0x0800017f   Thumb Code     0  libinit2.o(.ARM.Collect$$libinit$$00000033)
    __rt_lib_init_signal_1                   0x0800017f   Thumb Code     0  libinit2.o(.ARM.Collect$$libinit$$0000001D)
    __rt_lib_init_stdio_1                    0x0800017f   Thumb Code     0  libinit2.o(.ARM.Collect$$libinit$$00000025)
    __rt_lib_shutdown                        0x08000181   Thumb Code     0  libshutdown.o(.ARM.Collect$$libshutdown$$00000000)
    __rt_lib_shutdown_cpp_1                  0x08000183   Thumb Code     0  libshutdown2.o(.ARM.Collect$$libshutdown$$00000002)
    __rt_lib_shutdown_fp_trap_1              0x08000183   Thumb Code     0  libshutdown2.o(.ARM.Collect$$libshutdown$$00000007)
    __rt_lib_shutdown_heap_1                 0x08000183   Thumb Code     0  libshutdown2.o(.ARM.Collect$$libshutdown$$0000000F)
    __rt_lib_shutdown_return                 0x08000183   Thumb Code     0  libshutdown2.o(.ARM.Collect$$libshutdown$$00000010)
    __rt_lib_shutdown_signal_1               0x08000183   Thumb Code     0  libshutdown2.o(.ARM.Collect$$libshutdown$$0000000A)
    __rt_lib_shutdown_stdio_1                0x08000183   Thumb Code     0  libshutdown2.o(.ARM.Collect$$libshutdown$$00000004)
    __rt_lib_shutdown_user_alloc_1           0x08000183   Thumb Code     0  libshutdown2.o(.ARM.Collect$$libshutdown$$0000000C)
    __rt_entry                               0x08000185   Thumb Code     0  __rtentry.o(.ARM.Collect$$rtentry$$00000000)
    __rt_entry_presh_1                       0x08000185   Thumb Code     0  __rtentry2.o(.ARM.Collect$$rtentry$$00000002)
    __rt_entry_sh                            0x08000185   Thumb Code     0  __rtentry4.o(.ARM.Collect$$rtentry$$00000004)
    __rt_entry_li                            0x0800018b   Thumb Code     0  __rtentry2.o(.ARM.Collect$$rtentry$$0000000A)
    __rt_entry_postsh_1                      0x0800018b   Thumb Code     0  __rtentry2.o(.ARM.Collect$$rtentry$$00000009)
    __rt_entry_main                          0x0800018f   Thumb Code     0  __rtentry2.o(.ARM.Collect$$rtentry$$0000000D)
    __rt_entry_postli_1                      0x0800018f   Thumb Code     0  __rtentry2.o(.ARM.Collect$$rtentry$$0000000C)
    __rt_exit                                0x08000197   Thumb Code     0  rtexit.o(.ARM.Collect$$rtexit$$00000000)
    __rt_exit_ls                             0x08000199   Thumb Code     0  rtexit2.o(.ARM.Collect$$rtexit$$00000003)
    __rt_exit_prels_1                        0x08000199   Thumb Code     0  rtexit2.o(.ARM.Collect$$rtexit$$00000002)
    __rt_exit_exit                           0x0800019d   Thumb Code     0  rtexit2.o(.ARM.Collect$$rtexit$$00000004)
    Reset_Handler                            0x080001a5   Thumb Code     8  startup_stm32f10x_md.o(.text)
    ADC1_2_IRQHandler                        0x080001bf   Thumb Code     0  startup_stm32f10x_md.o(.text)
    CAN1_RX1_IRQHandler                      0x080001bf   Thumb Code     0  startup_stm32f10x_md.o(.text)
    CAN1_SCE_IRQHandler                      0x080001bf   Thumb Code     0  startup_stm32f10x_md.o(.text)
    DMA1_Channel1_IRQHandler                 0x080001bf   Thumb Code     0  startup_stm32f10x_md.o(.text)
    DMA1_Channel2_IRQHandler                 0x080001bf   Thumb Code     0  startup_stm32f10x_md.o(.text)
    DMA1_Channel3_IRQHandler                 0x080001bf   Thumb Code     0  startup_stm32f10x_md.o(.text)
    DMA1_Channel4_IRQHandler                 0x080001bf   Thumb Code     0  startup_stm32f10x_md.o(.text)
    DMA1_Channel5_IRQHandler                 0x080001bf   Thumb Code     0  startup_stm32f10x_md.o(.text)
    DMA1_Channel6_IRQHandler                 0x080001bf   Thumb Code     0  startup_stm32f10x_md.o(.text)
    DMA1_Channel7_IRQHandler                 0x080001bf   Thumb Code     0  startup_stm32f10x_md.o(.text)
    EXTI0_IRQHandler                         0x080001bf   Thumb Code     0  startup_stm32f10x_md.o(.text)
    EXTI15_10_IRQHandler                     0x080001bf   Thumb Code     0  startup_stm32f10x_md.o(.text)
    EXTI1_IRQHandler                         0x080001bf   Thumb Code     0  startup_stm32f10x_md.o(.text)
    EXTI2_IRQHandler                         0x080001bf   Thumb Code     0  startup_stm32f10x_md.o(.text)
    EXTI3_IRQHandler                         0x080001bf   Thumb Code     0  startup_stm32f10x_md.o(.text)
    EXTI4_IRQHandler                         0x080001bf   Thumb Code     0  startup_stm32f10x_md.o(.text)
    EXTI9_5_IRQHandler                       0x080001bf   Thumb Code     0  startup_stm32f10x_md.o(.text)
    FLASH_IRQHandler                         0x080001bf   Thumb Code     0  startup_stm32f10x_md.o(.text)
    I2C1_ER_IRQHandler                       0x080001bf   Thumb Code     0  startup_stm32f10x_md.o(.text)
    I2C1_EV_IRQHandler                       0x080001bf   Thumb Code     0  startup_stm32f10x_md.o(.text)
    I2C2_ER_IRQHandler                       0x080001bf   Thumb Code     0  startup_stm32f10x_md.o(.text)
    I2C2_EV_IRQHandler                       0x080001bf   Thumb Code     0  startup_stm32f10x_md.o(.text)
    PVD_IRQHandler                           0x080001bf   Thumb Code     0  startup_stm32f10x_md.o(.text)
    RCC_IRQHandler                           0x080001bf   Thumb Code     0  startup_stm32f10x_md.o(.text)
    RTCAlarm_IRQHandler                      0x080001bf   Thumb Code     0  startup_stm32f10x_md.o(.text)
    RTC_IRQHandler                           0x080001bf   Thumb Code     0  startup_stm32f10x_md.o(.text)
    SPI1_IRQHandler                          0x080001bf   Thumb Code     0  startup_stm32f10x_md.o(.text)
    SPI2_IRQHandler                          0x080001bf   Thumb Code     0  startup_stm32f10x_md.o(.text)
    TAMPER_IRQHandler                        0x080001bf   Thumb Code     0  startup_stm32f10x_md.o(.text)
    TIM1_BRK_IRQHandler                      0x080001bf   Thumb Code     0  startup_stm32f10x_md.o(.text)
    TIM1_CC_IRQHandler                       0x080001bf   Thumb Code     0  startup_stm32f10x_md.o(.text)
    TIM1_TRG_COM_IRQHandler                  0x080001bf   Thumb Code     0  startup_stm32f10x_md.o(.text)
    TIM1_UP_IRQHandler                       0x080001bf   Thumb Code     0  startup_stm32f10x_md.o(.text)
    TIM2_IRQHandler                          0x080001bf   Thumb Code     0  startup_stm32f10x_md.o(.text)
    TIM3_IRQHandler                          0x080001bf   Thumb Code     0  startup_stm32f10x_md.o(.text)
    TIM4_IRQHandler                          0x080001bf   Thumb Code     0  startup_stm32f10x_md.o(.text)
    USART1_IRQHandler                        0x080001bf   Thumb Code     0  startup_stm32f10x_md.o(.text)
    USART3_IRQHandler                        0x080001bf   Thumb Code     0  startup_stm32f10x_md.o(.text)
    USBWakeUp_IRQHandler                     0x080001bf   Thumb Code     0  startup_stm32f10x_md.o(.text)
    USB_HP_CAN1_TX_IRQHandler                0x080001bf   Thumb Code     0  startup_stm32f10x_md.o(.text)
    USB_LP_CAN1_RX0_IRQHandler               0x080001bf   Thumb Code     0  startup_stm32f10x_md.o(.text)
    WWDG_IRQHandler                          0x080001bf   Thumb Code     0  startup_stm32f10x_md.o(.text)
    __user_initial_stackheap                 0x080001c1   Thumb Code     0  startup_stm32f10x_md.o(.text)
    __aeabi_ldivmod                          0x080001e5   Thumb Code     0  llsdiv.o(.text)
    _ll_sdiv                                 0x080001e5   Thumb Code    72  llsdiv.o(.text)
    strtok                                   0x0800022d   Thumb Code     6  strtok.o(.text)
    memcmp                                   0x08000239   Thumb Code    88  memcmp.o(.text)
    __aeabi_memset                           0x08000291   Thumb Code    16  aeabi_memset.o(.text)
    __use_two_region_memory                  0x080002a1   Thumb Code     2  heapauxi.o(.text)
    __rt_heap_escrow$2region                 0x080002a3   Thumb Code     2  heapauxi.o(.text)
    __rt_heap_expand$2region                 0x080002a5   Thumb Code     2  heapauxi.o(.text)
    __aeabi_uldivmod                         0x080002a7   Thumb Code     0  lludivv7m.o(.text)
    _ll_udiv                                 0x080002a7   Thumb Code   238  lludivv7m.o(.text)
    __read_errno                             0x08000395   Thumb Code    10  _rserrno.o(.text)
    __set_errno                              0x0800039f   Thumb Code    12  _rserrno.o(.text)
    __strtod_int                             0x080003e9   Thumb Code    90  strtod.o(.text)
    __strtok_internal                        0x08000451   Thumb Code    64  strtok_int.o(.text)
    __aeabi_memclr                           0x08000495   Thumb Code     0  rt_memclr.o(.text)
    __rt_memclr                              0x08000495   Thumb Code    68  rt_memclr.o(.text)
    _memset                                  0x08000499   Thumb Code     0  rt_memclr.o(.text)
    __aeabi_errno_addr                       0x080004d9   Thumb Code     8  rt_errno_addr_intlibspace.o(.text)
    __errno$intlibspace                      0x080004d9   Thumb Code     0  rt_errno_addr_intlibspace.o(.text)
    __rt_errno_addr$intlibspace              0x080004d9   Thumb Code     0  rt_errno_addr_intlibspace.o(.text)
    isspace                                  0x080004e1   Thumb Code    18  isspace.o(.text)
    _sgetc                                   0x080004f3   Thumb Code    30  _sgetc.o(.text)
    _sbackspace                              0x08000511   Thumb Code    34  _sgetc.o(.text)
    strcspn                                  0x08000533   Thumb Code    32  strcspn.o(.text)
    strspn                                   0x08000553   Thumb Code    28  strspn.o(.text)
    __aeabi_memclr4                          0x0800056f   Thumb Code     0  rt_memclr_w.o(.text)
    __aeabi_memclr8                          0x0800056f   Thumb Code     0  rt_memclr_w.o(.text)
    __rt_memclr_w                            0x0800056f   Thumb Code    78  rt_memclr_w.o(.text)
    _memset_w                                0x08000573   Thumb Code     0  rt_memclr_w.o(.text)
    __user_libspace                          0x080005bd   Thumb Code     8  libspace.o(.text)
    __user_perproc_libspace                  0x080005bd   Thumb Code     0  libspace.o(.text)
    __user_perthread_libspace                0x080005bd   Thumb Code     0  libspace.o(.text)
    __user_setup_stackheap                   0x080005c5   Thumb Code    74  sys_stackheap_outer.o(.text)
    __rt_ctype_table                         0x08000611   Thumb Code    16  rt_ctype_table.o(.text)
    __rt_locale                              0x08000621   Thumb Code     8  rt_locale_intlibspace.o(.text)
    _scanf_really_real                       0x08000875   Thumb Code   684  scanf_fp.o(.text)
    _btod_etento                             0x08000b21   Thumb Code   224  bigflt0.o(.text)
    exit                                     0x08000c05   Thumb Code    18  exit.o(.text)
    strcmp                                   0x08000c19   Thumb Code   128  strcmpv7m.o(.text)
    _scanf_really_hex_real                   0x08000c99   Thumb Code   786  scanf_hexfp.o(.text)
    _scanf_really_infnan                     0x08000fb9   Thumb Code   292  scanf_infnan.o(.text)
    _sys_exit                                0x080010ed   Thumb Code     8  sys_exit.o(.text)
    __aeabi_llsl                             0x080010f9   Thumb Code     0  llshl.o(.text)
    _ll_shift_l                              0x080010f9   Thumb Code    38  llshl.o(.text)
    _chval                                   0x0800111f   Thumb Code    28  _chval.o(.text)
    __I$use$semihosting                      0x0800113b   Thumb Code     0  use_no_semi.o(.text)
    __use_no_semihosting_swi                 0x0800113b   Thumb Code     2  use_no_semi.o(.text)
    __btod_div_common                        0x0800113d   Thumb Code   696  btod.o(CL$$btod_div_common)
    __semihosting_library_function           0x0800113d   Thumb Code     0  indicate_semi.o(.text)
    _e2d                                     0x08001475   Thumb Code   122  btod.o(CL$$btod_e2d)
    _e2e                                     0x080014f9   Thumb Code   220  btod.o(CL$$btod_e2e)
    _btod_ediv                               0x080015d5   Thumb Code    42  btod.o(CL$$btod_ediv)
    _btod_edivd                              0x080015ff   Thumb Code    42  btod.o(CL$$btod_edivd)
    _btod_emul                               0x08001629   Thumb Code    42  btod.o(CL$$btod_emul)
    _btod_emuld                              0x08001653   Thumb Code    42  btod.o(CL$$btod_emuld)
    __btod_mult_common                       0x0800167d   Thumb Code   580  btod.o(CL$$btod_mult_common)
    BusFault_Handler                         0x080018c1   Thumb Code     4  stm32f10x_it.o(i.BusFault_Handler)
    DebugMon_Handler                         0x080018c5   Thumb Code     2  stm32f10x_it.o(i.DebugMon_Handler)
    Delay_ms                                 0x080018c7   Thumb Code    24  delay.o(i.Delay_ms)
    Delay_us                                 0x080018df   Thumb Code    46  delay.o(i.Delay_us)
    GPIO_Init                                0x0800190d   Thumb Code   278  stm32f10x_gpio.o(i.GPIO_Init)
    GPIO_ResetBits                           0x08001a23   Thumb Code     4  stm32f10x_gpio.o(i.GPIO_ResetBits)
    GPIO_SetBits                             0x08001a27   Thumb Code     4  stm32f10x_gpio.o(i.GPIO_SetBits)
    GPIO_WriteBit                            0x08001a2b   Thumb Code    10  stm32f10x_gpio.o(i.GPIO_WriteBit)
    HardFault_Handler                        0x08001a35   Thumb Code     4  stm32f10x_it.o(i.HardFault_Handler)
    MPU6050_DMP_Get_Data                     0x08001a39   Thumb Code   544  inv_mpu.o(i.MPU6050_DMP_Get_Data)
    MPU6050_DMP_Init                         0x08001c5d   Thumb Code    74  inv_mpu.o(i.MPU6050_DMP_Init)
    MPU6050_IIC_IO_Init                      0x08001cad   Thumb Code    32  mpu6050_i2c.o(i.MPU6050_IIC_IO_Init)
    MPU6050_IIC_Read_Ack                     0x08001cd9   Thumb Code    72  mpu6050_i2c.o(i.MPU6050_IIC_Read_Ack)
    MPU6050_IIC_Read_Byte                    0x08001d29   Thumb Code    86  mpu6050_i2c.o(i.MPU6050_IIC_Read_Byte)
    MPU6050_IIC_SDA_IO_IN                    0x08001d89   Thumb Code    22  mpu6050_i2c.o(i.MPU6050_IIC_SDA_IO_IN)
    MPU6050_IIC_SDA_IO_OUT                   0x08001da5   Thumb Code    20  mpu6050_i2c.o(i.MPU6050_IIC_SDA_IO_OUT)
    MPU6050_IIC_Send_Ack                     0x08001dbd   Thumb Code    48  mpu6050_i2c.o(i.MPU6050_IIC_Send_Ack)
    MPU6050_IIC_Send_Byte                    0x08001df5   Thumb Code    90  mpu6050_i2c.o(i.MPU6050_IIC_Send_Byte)
    MPU6050_IIC_Start                        0x08001e59   Thumb Code    46  mpu6050_i2c.o(i.MPU6050_IIC_Start)
    MPU6050_IIC_Stop                         0x08001e91   Thumb Code    52  mpu6050_i2c.o(i.MPU6050_IIC_Stop)
    MPU6050_Init                             0x08001ecd   Thumb Code   114  mpu6050.o(i.MPU6050_Init)
    MPU_Set_Accel_Fsr                        0x08001f3f   Thumb Code    18  mpu6050.o(i.MPU_Set_Accel_Fsr)
    MPU_Set_Gyro_Fsr                         0x08001f51   Thumb Code    18  mpu6050.o(i.MPU_Set_Gyro_Fsr)
    MPU_Set_LPF                              0x08001f63   Thumb Code    60  mpu6050.o(i.MPU_Set_LPF)
    MPU_Set_Rate                             0x08001f9f   Thumb Code    56  mpu6050.o(i.MPU_Set_Rate)
    MemManage_Handler                        0x08001fd7   Thumb Code     4  stm32f10x_it.o(i.MemManage_Handler)
    MotorA_SetSpeed                          0x08001fdd   Thumb Code   108  motor.o(i.MotorA_SetSpeed)
    MotorB_SetSpeed                          0x08002051   Thumb Code   108  motor.o(i.MotorB_SetSpeed)
    Motor_Init                               0x080020c5   Thumb Code   184  motor.o(i.Motor_Init)
    My_GPIO_Init                             0x08002185   Thumb Code   172  sys.o(i.My_GPIO_Init)
    NMI_Handler                              0x08002235   Thumb Code     2  stm32f10x_it.o(i.NMI_Handler)
    NVIC_Init                                0x08002239   Thumb Code   100  misc.o(i.NVIC_Init)
    NVIC_PriorityGroupConfig                 0x080022a9   Thumb Code    10  misc.o(i.NVIC_PriorityGroupConfig)
    OLED_Clear                               0x080022bd   Thumb Code    42  oled.o(i.OLED_Clear)
    OLED_I2C_Init                            0x080022e9   Thumb Code    76  oled.o(i.OLED_I2C_Init)
    OLED_I2C_SendByte                        0x08002339   Thumb Code    80  oled.o(i.OLED_I2C_SendByte)
    OLED_I2C_Start                           0x0800238d   Thumb Code    48  oled.o(i.OLED_I2C_Start)
    OLED_I2C_Stop                            0x080023c1   Thumb Code    36  oled.o(i.OLED_I2C_Stop)
    OLED_Init                                0x080023e9   Thumb Code   174  oled.o(i.OLED_Init)
    OLED_Pow                                 0x08002497   Thumb Code    20  oled.o(i.OLED_Pow)
    OLED_SetCursor                           0x080024ab   Thumb Code    34  oled.o(i.OLED_SetCursor)
    OLED_ShowChar                            0x080024cd   Thumb Code   110  oled.o(i.OLED_ShowChar)
    OLED_ShowSignedNum                       0x08002541   Thumb Code   102  oled.o(i.OLED_ShowSignedNum)
    OLED_ShowString                          0x080025a7   Thumb Code    40  oled.o(i.OLED_ShowString)
    OLED_WriteCommand                        0x080025cf   Thumb Code    32  oled.o(i.OLED_WriteCommand)
    OLED_WriteData                           0x080025ef   Thumb Code    32  oled.o(i.OLED_WriteData)
    Parse_Serial_Data                        0x08002611   Thumb Code   114  main.o(i.Parse_Serial_Data)
    PendSV_Handler                           0x08002695   Thumb Code     2  stm32f10x_it.o(i.PendSV_Handler)
    RCC_APB1PeriphClockCmd                   0x08002699   Thumb Code    26  stm32f10x_rcc.o(i.RCC_APB1PeriphClockCmd)
    RCC_APB2PeriphClockCmd                   0x080026b9   Thumb Code    26  stm32f10x_rcc.o(i.RCC_APB2PeriphClockCmd)
    RCC_GetClocksFreq                        0x080026d9   Thumb Code   192  stm32f10x_rcc.o(i.RCC_GetClocksFreq)
    SVC_Handler                              0x080027ad   Thumb Code     2  stm32f10x_it.o(i.SVC_Handler)
    Serial_Init                              0x080027b1   Thumb Code   170  serial.o(i.Serial_Init)
    SysTick_Handler                          0x0800294d   Thumb Code     2  stm32f10x_it.o(i.SysTick_Handler)
    SystemInit                               0x08002951   Thumb Code    78  system_stm32f10x.o(i.SystemInit)
    TIM_ARRPreloadConfig                     0x080029b1   Thumb Code    24  stm32f10x_tim.o(i.TIM_ARRPreloadConfig)
    TIM_Cmd                                  0x080029c9   Thumb Code    24  stm32f10x_tim.o(i.TIM_Cmd)
    TIM_OC3Init                              0x080029e1   Thumb Code   150  stm32f10x_tim.o(i.TIM_OC3Init)
    TIM_OC3PreloadConfig                     0x08002a81   Thumb Code    18  stm32f10x_tim.o(i.TIM_OC3PreloadConfig)
    TIM_OC4Init                              0x08002a95   Thumb Code   114  stm32f10x_tim.o(i.TIM_OC4Init)
    TIM_OC4PreloadConfig                     0x08002b11   Thumb Code    26  stm32f10x_tim.o(i.TIM_OC4PreloadConfig)
    TIM_SetCompare3                          0x08002b2b   Thumb Code     4  stm32f10x_tim.o(i.TIM_SetCompare3)
    TIM_SetCompare4                          0x08002b2f   Thumb Code     6  stm32f10x_tim.o(i.TIM_SetCompare4)
    TIM_TimeBaseInit                         0x08002b35   Thumb Code   122  stm32f10x_tim.o(i.TIM_TimeBaseInit)
    Turn                                     0x08002bd9   Thumb Code   160  main.o(i.Turn)
    USART2_IRQHandler                        0x08002c91   Thumb Code   140  serial.o(i.USART2_IRQHandler)
    USART_ClearITPendingBit                  0x08002d31   Thumb Code    30  stm32f10x_usart.o(i.USART_ClearITPendingBit)
    USART_Cmd                                0x08002d4f   Thumb Code    24  stm32f10x_usart.o(i.USART_Cmd)
    USART_GetITStatus                        0x08002d67   Thumb Code    84  stm32f10x_usart.o(i.USART_GetITStatus)
    USART_ITConfig                           0x08002dbb   Thumb Code    74  stm32f10x_usart.o(i.USART_ITConfig)
    USART_Init                               0x08002e05   Thumb Code   210  stm32f10x_usart.o(i.USART_Init)
    USART_ReceiveData                        0x08002edd   Thumb Code    10  stm32f10x_usart.o(i.USART_ReceiveData)
    UsageFault_Handler                       0x08002ee7   Thumb Code     4  stm32f10x_it.o(i.UsageFault_Handler)
    __ARM_fpclassify                         0x08002eeb   Thumb Code    40  fpclassify.o(i.__ARM_fpclassify)
    __kernel_poly                            0x08002f13   Thumb Code   170  poly.o(i.__kernel_poly)
    __mathlib_dbl_infnan                     0x08002fbd   Thumb Code     6  dunder.o(i.__mathlib_dbl_infnan)
    __mathlib_dbl_infnan2                    0x08002fc3   Thumb Code     4  dunder.o(i.__mathlib_dbl_infnan2)
    __mathlib_dbl_invalid                    0x08002fc7   Thumb Code    12  dunder.o(i.__mathlib_dbl_invalid)
    __mathlib_dbl_overflow                   0x08002fd3   Thumb Code    14  dunder.o(i.__mathlib_dbl_overflow)
    __mathlib_dbl_underflow                  0x08002fe1   Thumb Code    10  dunder.o(i.__mathlib_dbl_underflow)
    __mathlib_narrow                         0x08002ff1   Thumb Code    16  narrow.o(i.__mathlib_narrow)
    __mathlib_tofloat                        0x08003001   Thumb Code   184  narrow.o(i.__mathlib_tofloat)
    __support_ldexp                          0x080030bd   Thumb Code    22  ldexp.o(i.__support_ldexp)
    _is_digit                                0x080030d3   Thumb Code    14  __printf_wp.o(i._is_digit)
    asin                                     0x08003189   Thumb Code   572  asin.o(i.asin)
    atan                                     0x080033f9   Thumb Code   474  atan.o(i.atan)
    atan2                                    0x08003619   Thumb Code   346  atan2.o(i.atan2)
    atof                                     0x08003799   Thumb Code    42  atof.o(i.atof)
    delay_ms                                 0x08003829   Thumb Code    12  delay.o(i.delay_ms)
    delay_us                                 0x08003835   Thumb Code    12  delay.o(i.delay_us)
    dmp_enable_6x_lp_quat                    0x08003841   Thumb Code    60  inv_mpu_dmp_motion_driver.o(i.dmp_enable_6x_lp_quat)
    dmp_enable_feature                       0x0800387d   Thumb Code   530  inv_mpu_dmp_motion_driver.o(i.dmp_enable_feature)
    dmp_enable_gyro_cal                      0x08003a99   Thumb Code    62  inv_mpu_dmp_motion_driver.o(i.dmp_enable_gyro_cal)
    dmp_enable_lp_quat                       0x08003af1   Thumb Code    60  inv_mpu_dmp_motion_driver.o(i.dmp_enable_lp_quat)
    dmp_load_motion_driver_firmware          0x08003b2d   Thumb Code    20  inv_mpu_dmp_motion_driver.o(i.dmp_load_motion_driver_firmware)
    dmp_read_fifo                            0x08003b45   Thumb Code   450  inv_mpu_dmp_motion_driver.o(i.dmp_read_fifo)
    dmp_set_accel_bias                       0x08003d0d   Thumb Code   300  inv_mpu_dmp_motion_driver.o(i.dmp_set_accel_bias)
    dmp_set_fifo_rate                        0x08003e3d   Thumb Code    96  inv_mpu_dmp_motion_driver.o(i.dmp_set_fifo_rate)
    dmp_set_gyro_bias                        0x08003ead   Thumb Code   294  inv_mpu_dmp_motion_driver.o(i.dmp_set_gyro_bias)
    dmp_set_orientation                      0x08003fdd   Thumb Code   290  inv_mpu_dmp_motion_driver.o(i.dmp_set_orientation)
    dmp_set_shake_reject_thresh              0x08004115   Thumb Code    56  inv_mpu_dmp_motion_driver.o(i.dmp_set_shake_reject_thresh)
    dmp_set_shake_reject_time                0x0800414d   Thumb Code    38  inv_mpu_dmp_motion_driver.o(i.dmp_set_shake_reject_time)
    dmp_set_shake_reject_timeout             0x08004173   Thumb Code    38  inv_mpu_dmp_motion_driver.o(i.dmp_set_shake_reject_timeout)
    dmp_set_tap_axes                         0x08004199   Thumb Code    70  inv_mpu_dmp_motion_driver.o(i.dmp_set_tap_axes)
    dmp_set_tap_count                        0x080041df   Thumb Code    38  inv_mpu_dmp_motion_driver.o(i.dmp_set_tap_count)
    dmp_set_tap_thresh                       0x08004205   Thumb Code   396  inv_mpu_dmp_motion_driver.o(i.dmp_set_tap_thresh)
    dmp_set_tap_time                         0x080043a5   Thumb Code    38  inv_mpu_dmp_motion_driver.o(i.dmp_set_tap_time)
    dmp_set_tap_time_multi                   0x080043cb   Thumb Code    38  inv_mpu_dmp_motion_driver.o(i.dmp_set_tap_time_multi)
    frexp                                    0x080043f1   Thumb Code    80  frexp.o(i.frexp)
    inv_orientation_matrix_to_scalar         0x08004a7d   Thumb Code    40  inv_mpu.o(i.inv_orientation_matrix_to_scalar)
    inv_row_2_scale                          0x08004aa5   Thumb Code    78  inv_mpu.o(i.inv_row_2_scale)
    ldexp                                    0x08004af3   Thumb Code   116  ldexp.o(i.ldexp)
    main                                     0x08004b69   Thumb Code   218  main.o(i.main)
    mpu6050_read                             0x08004cd9   Thumb Code    92  mpu6050.o(i.mpu6050_read)
    mpu6050_read_reg                         0x08004d35   Thumb Code    22  mpu6050.o(i.mpu6050_read_reg)
    mpu6050_write                            0x08004d4b   Thumb Code    68  mpu6050.o(i.mpu6050_write)
    mpu6050_write_reg                        0x08004d8f   Thumb Code    18  mpu6050.o(i.mpu6050_write_reg)
    mpu_configure_fifo                       0x08004da1   Thumb Code   106  inv_mpu.o(i.mpu_configure_fifo)
    mpu_get_accel_fsr                        0x08004e11   Thumb Code    72  inv_mpu.o(i.mpu_get_accel_fsr)
    mpu_get_accel_sens                       0x08004e5d   Thumb Code    78  inv_mpu.o(i.mpu_get_accel_sens)
    mpu_get_fifo_config                      0x08004eb1   Thumb Code    12  inv_mpu.o(i.mpu_get_fifo_config)
    mpu_get_gyro_fsr                         0x08004ec1   Thumb Code    64  inv_mpu.o(i.mpu_get_gyro_fsr)
    mpu_get_gyro_sens                        0x08004f05   Thumb Code    58  inv_mpu.o(i.mpu_get_gyro_sens)
    mpu_get_lpf                              0x08004f55   Thumb Code    74  inv_mpu.o(i.mpu_get_lpf)
    mpu_get_sample_rate                      0x08004fa5   Thumb Code    26  inv_mpu.o(i.mpu_get_sample_rate)
    mpu_init                                 0x08004fc5   Thumb Code   396  inv_mpu.o(i.mpu_init)
    mpu_load_firmware                        0x08005155   Thumb Code   180  inv_mpu.o(i.mpu_load_firmware)
    mpu_lp_accel_mode                        0x0800520d   Thumb Code   218  inv_mpu.o(i.mpu_lp_accel_mode)
    mpu_read_fifo_stream                     0x080052ed   Thumb Code   186  inv_mpu.o(i.mpu_read_fifo_stream)
    mpu_read_mem                             0x080053ad   Thumb Code   122  inv_mpu.o(i.mpu_read_mem)
    mpu_reset_fifo                           0x0800542d   Thumb Code   450  inv_mpu.o(i.mpu_reset_fifo)
    mpu_run_self_test                        0x080055f5   Thumb Code   278  inv_mpu.o(i.mpu_run_self_test)
    mpu_set_accel_fsr                        0x08005711   Thumb Code   126  inv_mpu.o(i.mpu_set_accel_fsr)
    mpu_set_bypass                           0x08005795   Thumb Code   328  inv_mpu.o(i.mpu_set_bypass)
    mpu_set_dmp_state                        0x080058e1   Thumb Code   138  inv_mpu.o(i.mpu_set_dmp_state)
    mpu_set_gyro_fsr                         0x08005971   Thumb Code   132  inv_mpu.o(i.mpu_set_gyro_fsr)
    mpu_set_int_latched                      0x080059f9   Thumb Code   102  inv_mpu.o(i.mpu_set_int_latched)
    mpu_set_lpf                              0x08005a65   Thumb Code   126  inv_mpu.o(i.mpu_set_lpf)
    mpu_set_sample_rate                      0x08005ae9   Thumb Code   152  inv_mpu.o(i.mpu_set_sample_rate)
    mpu_set_sensors                          0x08005b85   Thumb Code   202  inv_mpu.o(i.mpu_set_sensors)
    mpu_write_mem                            0x08005c55   Thumb Code   122  inv_mpu.o(i.mpu_write_mem)
    pid_motor_forward                        0x08005cd5   Thumb Code   278  main.o(i.pid_motor_forward)
    pid_motor_inplace                        0x08005e11   Thumb Code   260  main.o(i.pid_motor_inplace)
    power                                    0x08005f3d   Thumb Code    20  sys.o(i.power)
    run_self_test                            0x08005f51   Thumb Code   148  inv_mpu.o(i.run_self_test)
    sqrt                                     0x08006075   Thumb Code    76  sqrt.o(i.sqrt)
    _get_lc_numeric                          0x080060c1   Thumb Code    44  lc_numeric_c.o(locale$$code)
    _get_lc_ctype                            0x080060ed   Thumb Code    44  lc_ctype_c.o(locale$$code)
    __aeabi_d2f                              0x08006119   Thumb Code     0  d2f.o(x$fpl$d2f)
    _d2f                                     0x08006119   Thumb Code    98  d2f.o(x$fpl$d2f)
    __aeabi_dadd                             0x0800617d   Thumb Code     0  daddsub_clz.o(x$fpl$dadd)
    _dadd                                    0x0800617d   Thumb Code   332  daddsub_clz.o(x$fpl$dadd)
    __fpl_dcheck_NaN1                        0x080062cd   Thumb Code    10  dcheck1.o(x$fpl$dcheck1)
    __fpl_dcmp_Inf                           0x080062dd   Thumb Code    24  dcmpi.o(x$fpl$dcmpinf)
    __aeabi_ddiv                             0x080062f5   Thumb Code     0  ddiv.o(x$fpl$ddiv)
    _ddiv                                    0x080062f5   Thumb Code   552  ddiv.o(x$fpl$ddiv)
    __aeabi_cdcmpeq                          0x080065a5   Thumb Code     0  deqf.o(x$fpl$deqf)
    _dcmpeq                                  0x080065a5   Thumb Code   120  deqf.o(x$fpl$deqf)
    __aeabi_d2iz                             0x0800661d   Thumb Code     0  dfix.o(x$fpl$dfix)
    _dfix                                    0x0800661d   Thumb Code    94  dfix.o(x$fpl$dfix)
    __aeabi_cdcmple                          0x0800667d   Thumb Code     0  dleqf.o(x$fpl$dleqf)
    _dcmple                                  0x0800667d   Thumb Code   120  dleqf.o(x$fpl$dleqf)
    __fpl_dcmple_InfNaN                      0x080066df   Thumb Code     0  dleqf.o(x$fpl$dleqf)
    __aeabi_dmul                             0x080066f5   Thumb Code     0  dmul.o(x$fpl$dmul)
    _dmul                                    0x080066f5   Thumb Code   332  dmul.o(x$fpl$dmul)
    __fpl_dnaninf                            0x08006849   Thumb Code   156  dnaninf.o(x$fpl$dnaninf)
    __fpl_dretinf                            0x080068e5   Thumb Code    12  dretinf.o(x$fpl$dretinf)
    __aeabi_cdrcmple                         0x080068f1   Thumb Code     0  drleqf.o(x$fpl$drleqf)
    _drcmple                                 0x080068f1   Thumb Code   108  drleqf.o(x$fpl$drleqf)
    __aeabi_drsub                            0x0800695d   Thumb Code     0  daddsub_clz.o(x$fpl$drsb)
    _drsb                                    0x0800695d   Thumb Code    22  daddsub_clz.o(x$fpl$drsb)
    _dsqrt                                   0x08006975   Thumb Code   456  dsqrt_noumaal.o(x$fpl$dsqrt)
    __aeabi_dsub                             0x08006b41   Thumb Code     0  daddsub_clz.o(x$fpl$dsub)
    _dsub                                    0x08006b41   Thumb Code   464  daddsub_clz.o(x$fpl$dsub)
    __aeabi_f2d                              0x08006d15   Thumb Code     0  f2d.o(x$fpl$f2d)
    _f2d                                     0x08006d15   Thumb Code    86  f2d.o(x$fpl$f2d)
    __aeabi_fadd                             0x08006d6d   Thumb Code     0  faddsub_clz.o(x$fpl$fadd)
    _fadd                                    0x08006d6d   Thumb Code   196  faddsub_clz.o(x$fpl$fadd)
    __fpl_fcmp_Inf                           0x08006e31   Thumb Code    24  fcmpi.o(x$fpl$fcmpinf)
    __aeabi_fdiv                             0x08006e49   Thumb Code     0  fdiv.o(x$fpl$fdiv)
    _fdiv                                    0x08006e49   Thumb Code   384  fdiv.o(x$fpl$fdiv)
    __aeabi_cfcmpeq                          0x08006fcd   Thumb Code     0  feqf.o(x$fpl$feqf)
    _fcmpeq                                  0x08006fcd   Thumb Code   104  feqf.o(x$fpl$feqf)
    __aeabi_f2iz                             0x08007035   Thumb Code     0  ffix.o(x$fpl$ffix)
    _ffix                                    0x08007035   Thumb Code    54  ffix.o(x$fpl$ffix)
    __aeabi_f2uiz                            0x0800706d   Thumb Code     0  ffixu.o(x$fpl$ffixu)
    _ffixu                                   0x0800706d   Thumb Code    62  ffixu.o(x$fpl$ffixu)
    __aeabi_i2f                              0x080070ad   Thumb Code     0  fflt_clz.o(x$fpl$fflt)
    _fflt                                    0x080070ad   Thumb Code    48  fflt_clz.o(x$fpl$fflt)
    __aeabi_ui2f                             0x080070dd   Thumb Code     0  fflt_clz.o(x$fpl$ffltu)
    _ffltu                                   0x080070dd   Thumb Code    38  fflt_clz.o(x$fpl$ffltu)
    __aeabi_cfcmple                          0x08007105   Thumb Code     0  fleqf.o(x$fpl$fleqf)
    _fcmple                                  0x08007105   Thumb Code   104  fleqf.o(x$fpl$fleqf)
    __fpl_fcmple_InfNaN                      0x08007157   Thumb Code     0  fleqf.o(x$fpl$fleqf)
    __aeabi_fmul                             0x0800716d   Thumb Code     0  fmul.o(x$fpl$fmul)
    _fmul                                    0x0800716d   Thumb Code   258  fmul.o(x$fpl$fmul)
    __fpl_fnaninf                            0x0800726f   Thumb Code   140  fnaninf.o(x$fpl$fnaninf)
    __fpl_fretinf                            0x080072fb   Thumb Code    10  fretinf.o(x$fpl$fretinf)
    __aeabi_cfrcmple                         0x08007305   Thumb Code     0  frleqf.o(x$fpl$frleqf)
    _frcmple                                 0x08007305   Thumb Code    98  frleqf.o(x$fpl$frleqf)
    __aeabi_fsub                             0x08007369   Thumb Code     0  faddsub_clz.o(x$fpl$fsub)
    _fsub                                    0x08007369   Thumb Code   234  faddsub_clz.o(x$fpl$fsub)
    __ieee_status                            0x08007453   Thumb Code     6  istatus.o(x$fpl$ieeestatus)
    __fpl_return_NaN                         0x08007459   Thumb Code   100  retnan.o(x$fpl$retnan)
    __ARM_scalbn                             0x080074bd   Thumb Code    92  scalbn.o(x$fpl$scalbn)
    _scanf_real                              0x08007519   Thumb Code     4  scanf1.o(x$fpl$scanf1)
    _scanf_hex_real                          0x0800751d   Thumb Code     4  scanf2.o(x$fpl$scanf2)
    _scanf_infnan                            0x08007521   Thumb Code     4  scanf2.o(x$fpl$scanf2)
    __fpl_cmpreturn                          0x08007525   Thumb Code    48  trapv.o(x$fpl$trapveneer)
    OLED_F8x16                               0x08007554   Data        1520  oled.o(.constdata)
    __I$use$fp                               0x08007554   Number         0  usenofp.o(x$fpl$usenofp)
    hw                                       0x08007b44   Data          12  inv_mpu.o(.constdata)
    reg                                      0x08007b50   Data          27  inv_mpu.o(.constdata)
    test                                     0x08007b6c   Data          40  inv_mpu.o(.constdata)
    __mathlib_zero                           0x08008878   Data           8  qnan.o(.constdata)
    Region$$Table$$Base                      0x08008914   Number         0  anon$$obj.o(Region$$Table)
    Region$$Table$$Limit                     0x08008934   Number         0  anon$$obj.o(Region$$Table)
    __aeabi_HUGE_VAL                         0x08008934   Data           0  fpconst.o(c$$dinf)
    __aeabi_HUGE_VALL                        0x08008934   Data           0  fpconst.o(c$$dinf)
    __aeabi_INFINITY                         0x08008934   Data           0  fpconst.o(c$$dinf)
    __dInf                                   0x08008934   Data           0  fpconst.o(c$$dinf)
    __huge_val                               0x08008934   Data           0  fpconst.o(c$$dinf)
    __dbl_max                                0x0800893c   Data           0  fpconst.o(c$$dmax)
    __ctype                                  0x0800896d   Data           0  lc_ctype_c.o(locale$$data)
    Serial_RxFlag                            0x20000014   Data           1  serial.o(.data)
    Pitch                                    0x20000018   Data           4  main.o(.data)
    Roll                                     0x2000001c   Data           4  main.o(.data)
    Yaw                                      0x20000020   Data           4  main.o(.data)
    ax                                       0x20000024   Data           2  main.o(.data)
    ay                                       0x20000026   Data           2  main.o(.data)
    az                                       0x20000028   Data           2  main.o(.data)
    gx                                       0x2000002a   Data           2  main.o(.data)
    gy                                       0x2000002c   Data           2  main.o(.data)
    gz                                       0x2000002e   Data           2  main.o(.data)
    cy                                       0x20000030   Data           4  main.o(.data)
    cx                                       0x20000034   Data           4  main.o(.data)
    kp                                       0x20000038   Data           4  main.o(.data)
    ki                                       0x2000003c   Data           4  main.o(.data)
    kd                                       0x20000040   Data           4  main.o(.data)
    erro                                     0x20000044   Data           4  main.o(.data)
    erro_last                                0x20000048   Data           4  main.o(.data)
    I                                        0x2000004c   Data           4  main.o(.data)
    pid_value                                0x20000050   Data           4  main.o(.data)
    Serial_RxPacket                          0x20000090   Data         100  serial.o(.bss)
    __libspace_start                         0x20000104   Data          96  libspace.o(.bss)
    __temporary_stack_top$libspace           0x20000164   Data           0  libspace.o(.bss)



==============================================================================

Memory Map of the image

  Image Entry point : 0x080000ed

  Load Region LR_IROM1 (Base: 0x08000000, Size: 0x00008b00, Max: 0x00010000, ABSOLUTE)

    Execution Region ER_IROM1 (Exec base: 0x08000000, Load base: 0x08000000, Size: 0x00008a70, Max: 0x00010000, ABSOLUTE)

    Exec Addr    Load Addr    Size         Type   Attr      Idx    E Section Name        Object

    0x08000000   0x08000000   0x000000ec   Data   RO            3    RESET               startup_stm32f10x_md.o
    0x080000ec   0x080000ec   0x00000008   Code   RO         4489  * !!!main             c_w.l(__main.o)
    0x080000f4   0x080000f4   0x00000034   Code   RO         5032    !!!scatter          c_w.l(__scatter.o)
    0x08000128   0x08000128   0x0000001a   Code   RO         5034    !!handler_copy      c_w.l(__scatter_copy.o)
    0x08000142   0x08000142   0x00000002   PAD
    0x08000144   0x08000144   0x0000001c   Code   RO         5036    !!handler_zi        c_w.l(__scatter_zi.o)
    0x08000160   0x08000160   0x00000002   Code   RO         4848    .ARM.Collect$$libinit$$00000000  c_w.l(libinit.o)
    0x08000162   0x08000162   0x00000000   Code   RO         4850    .ARM.Collect$$libinit$$00000002  c_w.l(libinit2.o)
    0x08000162   0x08000162   0x00000000   Code   RO         4852    .ARM.Collect$$libinit$$00000004  c_w.l(libinit2.o)
    0x08000162   0x08000162   0x00000000   Code   RO         4855    .ARM.Collect$$libinit$$0000000A  c_w.l(libinit2.o)
    0x08000162   0x08000162   0x00000000   Code   RO         4857    .ARM.Collect$$libinit$$0000000C  c_w.l(libinit2.o)
    0x08000162   0x08000162   0x00000000   Code   RO         4859    .ARM.Collect$$libinit$$0000000E  c_w.l(libinit2.o)
    0x08000162   0x08000162   0x00000006   Code   RO         4860    .ARM.Collect$$libinit$$0000000F  c_w.l(libinit2.o)
    0x08000168   0x08000168   0x00000000   Code   RO         4862    .ARM.Collect$$libinit$$00000011  c_w.l(libinit2.o)
    0x08000168   0x08000168   0x0000000c   Code   RO         4863    .ARM.Collect$$libinit$$00000012  c_w.l(libinit2.o)
    0x08000174   0x08000174   0x00000000   Code   RO         4864    .ARM.Collect$$libinit$$00000013  c_w.l(libinit2.o)
    0x08000174   0x08000174   0x00000000   Code   RO         4866    .ARM.Collect$$libinit$$00000015  c_w.l(libinit2.o)
    0x08000174   0x08000174   0x0000000a   Code   RO         4867    .ARM.Collect$$libinit$$00000016  c_w.l(libinit2.o)
    0x0800017e   0x0800017e   0x00000000   Code   RO         4868    .ARM.Collect$$libinit$$00000017  c_w.l(libinit2.o)
    0x0800017e   0x0800017e   0x00000000   Code   RO         4870    .ARM.Collect$$libinit$$00000019  c_w.l(libinit2.o)
    0x0800017e   0x0800017e   0x00000000   Code   RO         4872    .ARM.Collect$$libinit$$0000001B  c_w.l(libinit2.o)
    0x0800017e   0x0800017e   0x00000000   Code   RO         4874    .ARM.Collect$$libinit$$0000001D  c_w.l(libinit2.o)
    0x0800017e   0x0800017e   0x00000000   Code   RO         4876    .ARM.Collect$$libinit$$0000001F  c_w.l(libinit2.o)
    0x0800017e   0x0800017e   0x00000000   Code   RO         4878    .ARM.Collect$$libinit$$00000021  c_w.l(libinit2.o)
    0x0800017e   0x0800017e   0x00000000   Code   RO         4880    .ARM.Collect$$libinit$$00000023  c_w.l(libinit2.o)
    0x0800017e   0x0800017e   0x00000000   Code   RO         4882    .ARM.Collect$$libinit$$00000025  c_w.l(libinit2.o)
    0x0800017e   0x0800017e   0x00000000   Code   RO         4886    .ARM.Collect$$libinit$$0000002C  c_w.l(libinit2.o)
    0x0800017e   0x0800017e   0x00000000   Code   RO         4888    .ARM.Collect$$libinit$$0000002E  c_w.l(libinit2.o)
    0x0800017e   0x0800017e   0x00000000   Code   RO         4890    .ARM.Collect$$libinit$$00000030  c_w.l(libinit2.o)
    0x0800017e   0x0800017e   0x00000000   Code   RO         4892    .ARM.Collect$$libinit$$00000032  c_w.l(libinit2.o)
    0x0800017e   0x0800017e   0x00000002   Code   RO         4893    .ARM.Collect$$libinit$$00000033  c_w.l(libinit2.o)
    0x08000180   0x08000180   0x00000002   Code   RO         4978    .ARM.Collect$$libshutdown$$00000000  c_w.l(libshutdown.o)
    0x08000182   0x08000182   0x00000000   Code   RO         5001    .ARM.Collect$$libshutdown$$00000002  c_w.l(libshutdown2.o)
    0x08000182   0x08000182   0x00000000   Code   RO         5003    .ARM.Collect$$libshutdown$$00000004  c_w.l(libshutdown2.o)
    0x08000182   0x08000182   0x00000000   Code   RO         5006    .ARM.Collect$$libshutdown$$00000007  c_w.l(libshutdown2.o)
    0x08000182   0x08000182   0x00000000   Code   RO         5009    .ARM.Collect$$libshutdown$$0000000A  c_w.l(libshutdown2.o)
    0x08000182   0x08000182   0x00000000   Code   RO         5011    .ARM.Collect$$libshutdown$$0000000C  c_w.l(libshutdown2.o)
    0x08000182   0x08000182   0x00000000   Code   RO         5014    .ARM.Collect$$libshutdown$$0000000F  c_w.l(libshutdown2.o)
    0x08000182   0x08000182   0x00000002   Code   RO         5015    .ARM.Collect$$libshutdown$$00000010  c_w.l(libshutdown2.o)
    0x08000184   0x08000184   0x00000000   Code   RO         4573    .ARM.Collect$$rtentry$$00000000  c_w.l(__rtentry.o)
    0x08000184   0x08000184   0x00000000   Code   RO         4736    .ARM.Collect$$rtentry$$00000002  c_w.l(__rtentry2.o)
    0x08000184   0x08000184   0x00000006   Code   RO         4748    .ARM.Collect$$rtentry$$00000004  c_w.l(__rtentry4.o)
    0x0800018a   0x0800018a   0x00000000   Code   RO         4738    .ARM.Collect$$rtentry$$00000009  c_w.l(__rtentry2.o)
    0x0800018a   0x0800018a   0x00000004   Code   RO         4739    .ARM.Collect$$rtentry$$0000000A  c_w.l(__rtentry2.o)
    0x0800018e   0x0800018e   0x00000000   Code   RO         4741    .ARM.Collect$$rtentry$$0000000C  c_w.l(__rtentry2.o)
    0x0800018e   0x0800018e   0x00000008   Code   RO         4742    .ARM.Collect$$rtentry$$0000000D  c_w.l(__rtentry2.o)
    0x08000196   0x08000196   0x00000002   Code   RO         4898    .ARM.Collect$$rtexit$$00000000  c_w.l(rtexit.o)
    0x08000198   0x08000198   0x00000000   Code   RO         4930    .ARM.Collect$$rtexit$$00000002  c_w.l(rtexit2.o)
    0x08000198   0x08000198   0x00000004   Code   RO         4931    .ARM.Collect$$rtexit$$00000003  c_w.l(rtexit2.o)
    0x0800019c   0x0800019c   0x00000006   Code   RO         4932    .ARM.Collect$$rtexit$$00000004  c_w.l(rtexit2.o)
    0x080001a2   0x080001a2   0x00000002   PAD
    0x080001a4   0x080001a4   0x00000040   Code   RO            4    .text               startup_stm32f10x_md.o
    0x080001e4   0x080001e4   0x00000048   Code   RO         4476    .text               c_w.l(llsdiv.o)
    0x0800022c   0x0800022c   0x0000000c   Code   RO         4480    .text               c_w.l(strtok.o)
    0x08000238   0x08000238   0x00000058   Code   RO         4483    .text               c_w.l(memcmp.o)
    0x08000290   0x08000290   0x00000010   Code   RO         4485    .text               c_w.l(aeabi_memset.o)
    0x080002a0   0x080002a0   0x00000006   Code   RO         4487    .text               c_w.l(heapauxi.o)
    0x080002a6   0x080002a6   0x000000ee   Code   RO         4574    .text               c_w.l(lludivv7m.o)
    0x08000394   0x08000394   0x00000016   Code   RO         4576    .text               c_w.l(_rserrno.o)
    0x080003aa   0x080003aa   0x00000002   PAD
    0x080003ac   0x080003ac   0x000000a4   Code   RO         4669    .text               c_w.l(strtod.o)
    0x08000450   0x08000450   0x00000044   Code   RO         4671    .text               c_w.l(strtok_int.o)
    0x08000494   0x08000494   0x00000044   Code   RO         4673    .text               c_w.l(rt_memclr.o)
    0x080004d8   0x080004d8   0x00000008   Code   RO         4757    .text               c_w.l(rt_errno_addr_intlibspace.o)
    0x080004e0   0x080004e0   0x00000012   Code   RO         4761    .text               c_w.l(isspace.o)
    0x080004f2   0x080004f2   0x00000040   Code   RO         4777    .text               c_w.l(_sgetc.o)
    0x08000532   0x08000532   0x00000020   Code   RO         4784    .text               c_w.l(strcspn.o)
    0x08000552   0x08000552   0x0000001c   Code   RO         4786    .text               c_w.l(strspn.o)
    0x0800056e   0x0800056e   0x0000004e   Code   RO         4788    .text               c_w.l(rt_memclr_w.o)
    0x080005bc   0x080005bc   0x00000008   Code   RO         4796    .text               c_w.l(libspace.o)
    0x080005c4   0x080005c4   0x0000004a   Code   RO         4799    .text               c_w.l(sys_stackheap_outer.o)
    0x0800060e   0x0800060e   0x00000002   PAD
    0x08000610   0x08000610   0x00000010   Code   RO         4801    .text               c_w.l(rt_ctype_table.o)
    0x08000620   0x08000620   0x00000008   Code   RO         4808    .text               c_w.l(rt_locale_intlibspace.o)
    0x08000628   0x08000628   0x000004f8   Code   RO         4812    .text               c_w.l(scanf_fp.o)
    0x08000b20   0x08000b20   0x000000e4   Code   RO         4814    .text               c_w.l(bigflt0.o)
    0x08000c04   0x08000c04   0x00000012   Code   RO         4839    .text               c_w.l(exit.o)
    0x08000c16   0x08000c16   0x00000002   PAD
    0x08000c18   0x08000c18   0x00000080   Code   RO         4841    .text               c_w.l(strcmpv7m.o)
    0x08000c98   0x08000c98   0x00000320   Code   RO         4938    .text               c_w.l(scanf_hexfp.o)
    0x08000fb8   0x08000fb8   0x00000134   Code   RO         4940    .text               c_w.l(scanf_infnan.o)
    0x080010ec   0x080010ec   0x0000000c   Code   RO         4960    .text               c_w.l(sys_exit.o)
    0x080010f8   0x080010f8   0x00000026   Code   RO         4964    .text               c_w.l(llshl.o)
    0x0800111e   0x0800111e   0x0000001c   Code   RO         4966    .text               c_w.l(_chval.o)
    0x0800113a   0x0800113a   0x00000002   Code   RO         4993    .text               c_w.l(use_no_semi.o)
    0x0800113c   0x0800113c   0x00000000   Code   RO         4995    .text               c_w.l(indicate_semi.o)
    0x0800113c   0x0800113c   0x00000338   Code   RO         4827    CL$$btod_div_common  c_w.l(btod.o)
    0x08001474   0x08001474   0x00000084   Code   RO         4825    CL$$btod_e2d        c_w.l(btod.o)
    0x080014f8   0x080014f8   0x000000dc   Code   RO         4824    CL$$btod_e2e        c_w.l(btod.o)
    0x080015d4   0x080015d4   0x0000002a   Code   RO         4821    CL$$btod_ediv       c_w.l(btod.o)
    0x080015fe   0x080015fe   0x0000002a   Code   RO         4823    CL$$btod_edivd      c_w.l(btod.o)
    0x08001628   0x08001628   0x0000002a   Code   RO         4820    CL$$btod_emul       c_w.l(btod.o)
    0x08001652   0x08001652   0x0000002a   Code   RO         4822    CL$$btod_emuld      c_w.l(btod.o)
    0x0800167c   0x0800167c   0x00000244   Code   RO         4826    CL$$btod_mult_common  c_w.l(btod.o)
    0x080018c0   0x080018c0   0x00000004   Code   RO         3754    i.BusFault_Handler  stm32f10x_it.o
    0x080018c4   0x080018c4   0x00000002   Code   RO         3755    i.DebugMon_Handler  stm32f10x_it.o
    0x080018c6   0x080018c6   0x00000018   Code   RO         3196    i.Delay_ms          delay.o
    0x080018de   0x080018de   0x0000002e   Code   RO         3198    i.Delay_us          delay.o
    0x0800190c   0x0800190c   0x00000116   Code   RO         1347    i.GPIO_Init         stm32f10x_gpio.o
    0x08001a22   0x08001a22   0x00000004   Code   RO         1354    i.GPIO_ResetBits    stm32f10x_gpio.o
    0x08001a26   0x08001a26   0x00000004   Code   RO         1355    i.GPIO_SetBits      stm32f10x_gpio.o
    0x08001a2a   0x08001a2a   0x0000000a   Code   RO         1358    i.GPIO_WriteBit     stm32f10x_gpio.o
    0x08001a34   0x08001a34   0x00000004   Code   RO         3756    i.HardFault_Handler  stm32f10x_it.o
    0x08001a38   0x08001a38   0x00000224   Code   RO         3817    i.MPU6050_DMP_Get_Data  inv_mpu.o
    0x08001c5c   0x08001c5c   0x00000050   Code   RO         3818    i.MPU6050_DMP_Init  inv_mpu.o
    0x08001cac   0x08001cac   0x0000002c   Code   RO         4414    i.MPU6050_IIC_IO_Init  mpu6050_i2c.o
    0x08001cd8   0x08001cd8   0x00000050   Code   RO         4415    i.MPU6050_IIC_Read_Ack  mpu6050_i2c.o
    0x08001d28   0x08001d28   0x00000060   Code   RO         4416    i.MPU6050_IIC_Read_Byte  mpu6050_i2c.o
    0x08001d88   0x08001d88   0x0000001c   Code   RO         4417    i.MPU6050_IIC_SDA_IO_IN  mpu6050_i2c.o
    0x08001da4   0x08001da4   0x00000018   Code   RO         4418    i.MPU6050_IIC_SDA_IO_OUT  mpu6050_i2c.o
    0x08001dbc   0x08001dbc   0x00000038   Code   RO         4419    i.MPU6050_IIC_Send_Ack  mpu6050_i2c.o
    0x08001df4   0x08001df4   0x00000064   Code   RO         4420    i.MPU6050_IIC_Send_Byte  mpu6050_i2c.o
    0x08001e58   0x08001e58   0x00000038   Code   RO         4421    i.MPU6050_IIC_Start  mpu6050_i2c.o
    0x08001e90   0x08001e90   0x0000003c   Code   RO         4422    i.MPU6050_IIC_Stop  mpu6050_i2c.o
    0x08001ecc   0x08001ecc   0x00000072   Code   RO         4336    i.MPU6050_Init      mpu6050.o
    0x08001f3e   0x08001f3e   0x00000012   Code   RO         4340    i.MPU_Set_Accel_Fsr  mpu6050.o
    0x08001f50   0x08001f50   0x00000012   Code   RO         4341    i.MPU_Set_Gyro_Fsr  mpu6050.o
    0x08001f62   0x08001f62   0x0000003c   Code   RO         4342    i.MPU_Set_LPF       mpu6050.o
    0x08001f9e   0x08001f9e   0x00000038   Code   RO         4343    i.MPU_Set_Rate      mpu6050.o
    0x08001fd6   0x08001fd6   0x00000004   Code   RO         3757    i.MemManage_Handler  stm32f10x_it.o
    0x08001fda   0x08001fda   0x00000002   PAD
    0x08001fdc   0x08001fdc   0x00000074   Code   RO         3553    i.MotorA_SetSpeed   motor.o
    0x08002050   0x08002050   0x00000074   Code   RO         3554    i.MotorB_SetSpeed   motor.o
    0x080020c4   0x080020c4   0x000000c0   Code   RO         3555    i.Motor_Init        motor.o
    0x08002184   0x08002184   0x000000b0   Code   RO         3241    i.My_GPIO_Init      sys.o
    0x08002234   0x08002234   0x00000002   Code   RO         3758    i.NMI_Handler       stm32f10x_it.o
    0x08002236   0x08002236   0x00000002   PAD
    0x08002238   0x08002238   0x00000070   Code   RO          137    i.NVIC_Init         misc.o
    0x080022a8   0x080022a8   0x00000014   Code   RO          138    i.NVIC_PriorityGroupConfig  misc.o
    0x080022bc   0x080022bc   0x0000002a   Code   RO         3379    i.OLED_Clear        oled.o
    0x080022e6   0x080022e6   0x00000002   PAD
    0x080022e8   0x080022e8   0x00000050   Code   RO         3380    i.OLED_I2C_Init     oled.o
    0x08002338   0x08002338   0x00000054   Code   RO         3381    i.OLED_I2C_SendByte  oled.o
    0x0800238c   0x0800238c   0x00000034   Code   RO         3382    i.OLED_I2C_Start    oled.o
    0x080023c0   0x080023c0   0x00000028   Code   RO         3383    i.OLED_I2C_Stop     oled.o
    0x080023e8   0x080023e8   0x000000ae   Code   RO         3384    i.OLED_Init         oled.o
    0x08002496   0x08002496   0x00000014   Code   RO         3385    i.OLED_Pow          oled.o
    0x080024aa   0x080024aa   0x00000022   Code   RO         3386    i.OLED_SetCursor    oled.o
    0x080024cc   0x080024cc   0x00000074   Code   RO         3388    i.OLED_ShowChar     oled.o
    0x08002540   0x08002540   0x00000066   Code   RO         3391    i.OLED_ShowSignedNum  oled.o
    0x080025a6   0x080025a6   0x00000028   Code   RO         3392    i.OLED_ShowString   oled.o
    0x080025ce   0x080025ce   0x00000020   Code   RO         3393    i.OLED_WriteCommand  oled.o
    0x080025ee   0x080025ee   0x00000020   Code   RO         3394    i.OLED_WriteData    oled.o
    0x0800260e   0x0800260e   0x00000002   PAD
    0x08002610   0x08002610   0x00000084   Code   RO         3693    i.Parse_Serial_Data  main.o
    0x08002694   0x08002694   0x00000002   Code   RO         3759    i.PendSV_Handler    stm32f10x_it.o
    0x08002696   0x08002696   0x00000002   PAD
    0x08002698   0x08002698   0x00000020   Code   RO         1775    i.RCC_APB1PeriphClockCmd  stm32f10x_rcc.o
    0x080026b8   0x080026b8   0x00000020   Code   RO         1777    i.RCC_APB2PeriphClockCmd  stm32f10x_rcc.o
    0x080026d8   0x080026d8   0x000000d4   Code   RO         1785    i.RCC_GetClocksFreq  stm32f10x_rcc.o
    0x080027ac   0x080027ac   0x00000002   Code   RO         3760    i.SVC_Handler       stm32f10x_it.o
    0x080027ae   0x080027ae   0x00000002   PAD
    0x080027b0   0x080027b0   0x000000b4   Code   RO         3622    i.Serial_Init       serial.o
    0x08002864   0x08002864   0x00000008   Code   RO           24    i.SetSysClock       system_stm32f10x.o
    0x0800286c   0x0800286c   0x000000e0   Code   RO           25    i.SetSysClockTo72   system_stm32f10x.o
    0x0800294c   0x0800294c   0x00000002   Code   RO         3761    i.SysTick_Handler   stm32f10x_it.o
    0x0800294e   0x0800294e   0x00000002   PAD
    0x08002950   0x08002950   0x00000060   Code   RO           27    i.SystemInit        system_stm32f10x.o
    0x080029b0   0x080029b0   0x00000018   Code   RO         2409    i.TIM_ARRPreloadConfig  stm32f10x_tim.o
    0x080029c8   0x080029c8   0x00000018   Code   RO         2421    i.TIM_Cmd           stm32f10x_tim.o
    0x080029e0   0x080029e0   0x000000a0   Code   RO         2460    i.TIM_OC3Init       stm32f10x_tim.o
    0x08002a80   0x08002a80   0x00000012   Code   RO         2463    i.TIM_OC3PreloadConfig  stm32f10x_tim.o
    0x08002a92   0x08002a92   0x00000002   PAD
    0x08002a94   0x08002a94   0x0000007c   Code   RO         2465    i.TIM_OC4Init       stm32f10x_tim.o
    0x08002b10   0x08002b10   0x0000001a   Code   RO         2467    i.TIM_OC4PreloadConfig  stm32f10x_tim.o
    0x08002b2a   0x08002b2a   0x00000004   Code   RO         2484    i.TIM_SetCompare3   stm32f10x_tim.o
    0x08002b2e   0x08002b2e   0x00000006   Code   RO         2485    i.TIM_SetCompare4   stm32f10x_tim.o
    0x08002b34   0x08002b34   0x000000a4   Code   RO         2492    i.TIM_TimeBaseInit  stm32f10x_tim.o
    0x08002bd8   0x08002bd8   0x000000b8   Code   RO         3694    i.Turn              main.o
    0x08002c90   0x08002c90   0x000000a0   Code   RO         3629    i.USART2_IRQHandler  serial.o
    0x08002d30   0x08002d30   0x0000001e   Code   RO         2957    i.USART_ClearITPendingBit  stm32f10x_usart.o
    0x08002d4e   0x08002d4e   0x00000018   Code   RO         2960    i.USART_Cmd         stm32f10x_usart.o
    0x08002d66   0x08002d66   0x00000054   Code   RO         2964    i.USART_GetITStatus  stm32f10x_usart.o
    0x08002dba   0x08002dba   0x0000004a   Code   RO         2966    i.USART_ITConfig    stm32f10x_usart.o
    0x08002e04   0x08002e04   0x000000d8   Code   RO         2967    i.USART_Init        stm32f10x_usart.o
    0x08002edc   0x08002edc   0x0000000a   Code   RO         2974    i.USART_ReceiveData  stm32f10x_usart.o
    0x08002ee6   0x08002ee6   0x00000004   Code   RO         3762    i.UsageFault_Handler  stm32f10x_it.o
    0x08002eea   0x08002eea   0x00000028   Code   RO         4722    i.__ARM_fpclassify  m_ws.l(fpclassify.o)
    0x08002f12   0x08002f12   0x000000aa   Code   RO         4724    i.__kernel_poly     m_ws.l(poly.o)
    0x08002fbc   0x08002fbc   0x00000006   Code   RO         4709    i.__mathlib_dbl_infnan  m_ws.l(dunder.o)
    0x08002fc2   0x08002fc2   0x00000004   Code   RO         4710    i.__mathlib_dbl_infnan2  m_ws.l(dunder.o)
    0x08002fc6   0x08002fc6   0x0000000c   Code   RO         4711    i.__mathlib_dbl_invalid  m_ws.l(dunder.o)
    0x08002fd2   0x08002fd2   0x0000000e   Code   RO         4712    i.__mathlib_dbl_overflow  m_ws.l(dunder.o)
    0x08002fe0   0x08002fe0   0x00000010   Code   RO         4714    i.__mathlib_dbl_underflow  m_ws.l(dunder.o)
    0x08002ff0   0x08002ff0   0x00000010   Code   RO         4923    i.__mathlib_narrow  m_ws.l(narrow.o)
    0x08003000   0x08003000   0x000000bc   Code   RO         4924    i.__mathlib_tofloat  m_ws.l(narrow.o)
    0x080030bc   0x080030bc   0x00000016   Code   RO         4980    i.__support_ldexp   m_ws.l(ldexp.o)
    0x080030d2   0x080030d2   0x0000000e   Code   RO         4636    i._is_digit         c_w.l(__printf_wp.o)
    0x080030e0   0x080030e0   0x000000a8   Code   RO         3819    i.accel_self_test   inv_mpu.o
    0x08003188   0x08003188   0x00000270   Code   RO         4552    i.asin              m_ws.l(asin.o)
    0x080033f8   0x080033f8   0x00000220   Code   RO         4699    i.atan              m_ws.l(atan.o)
    0x08003618   0x08003618   0x00000180   Code   RO         4562    i.atan2             m_ws.l(atan2.o)
    0x08003798   0x08003798   0x0000002a   Code   RO         4570    i.atof              m_ws.l(atof.o)
    0x080037c2   0x080037c2   0x00000002   PAD
    0x080037c4   0x080037c4   0x00000064   Code   RO         4156    i.decode_gesture    inv_mpu_dmp_motion_driver.o
    0x08003828   0x08003828   0x0000000c   Code   RO         3199    i.delay_ms          delay.o
    0x08003834   0x08003834   0x0000000c   Code   RO         3201    i.delay_us          delay.o
    0x08003840   0x08003840   0x0000003c   Code   RO         4157    i.dmp_enable_6x_lp_quat  inv_mpu_dmp_motion_driver.o
    0x0800387c   0x0800387c   0x0000021c   Code   RO         4158    i.dmp_enable_feature  inv_mpu_dmp_motion_driver.o
    0x08003a98   0x08003a98   0x00000058   Code   RO         4159    i.dmp_enable_gyro_cal  inv_mpu_dmp_motion_driver.o
    0x08003af0   0x08003af0   0x0000003c   Code   RO         4160    i.dmp_enable_lp_quat  inv_mpu_dmp_motion_driver.o
    0x08003b2c   0x08003b2c   0x00000018   Code   RO         4165    i.dmp_load_motion_driver_firmware  inv_mpu_dmp_motion_driver.o
    0x08003b44   0x08003b44   0x000001c8   Code   RO         4166    i.dmp_read_fifo     inv_mpu_dmp_motion_driver.o
    0x08003d0c   0x08003d0c   0x00000130   Code   RO         4169    i.dmp_set_accel_bias  inv_mpu_dmp_motion_driver.o
    0x08003e3c   0x08003e3c   0x00000070   Code   RO         4170    i.dmp_set_fifo_rate  inv_mpu_dmp_motion_driver.o
    0x08003eac   0x08003eac   0x00000130   Code   RO         4171    i.dmp_set_gyro_bias  inv_mpu_dmp_motion_driver.o
    0x08003fdc   0x08003fdc   0x00000138   Code   RO         4173    i.dmp_set_orientation  inv_mpu_dmp_motion_driver.o
    0x08004114   0x08004114   0x00000038   Code   RO         4176    i.dmp_set_shake_reject_thresh  inv_mpu_dmp_motion_driver.o
    0x0800414c   0x0800414c   0x00000026   Code   RO         4177    i.dmp_set_shake_reject_time  inv_mpu_dmp_motion_driver.o
    0x08004172   0x08004172   0x00000026   Code   RO         4178    i.dmp_set_shake_reject_timeout  inv_mpu_dmp_motion_driver.o
    0x08004198   0x08004198   0x00000046   Code   RO         4179    i.dmp_set_tap_axes  inv_mpu_dmp_motion_driver.o
    0x080041de   0x080041de   0x00000026   Code   RO         4180    i.dmp_set_tap_count  inv_mpu_dmp_motion_driver.o
    0x08004204   0x08004204   0x000001a0   Code   RO         4181    i.dmp_set_tap_thresh  inv_mpu_dmp_motion_driver.o
    0x080043a4   0x080043a4   0x00000026   Code   RO         4182    i.dmp_set_tap_time  inv_mpu_dmp_motion_driver.o
    0x080043ca   0x080043ca   0x00000026   Code   RO         4183    i.dmp_set_tap_time_multi  inv_mpu_dmp_motion_driver.o
    0x080043f0   0x080043f0   0x00000058   Code   RO         4955    i.frexp             m_ws.l(frexp.o)
    0x08004448   0x08004448   0x000000b4   Code   RO         3820    i.get_accel_prod_shift  inv_mpu.o
    0x080044fc   0x080044fc   0x00000470   Code   RO         3822    i.get_st_biases     inv_mpu.o
    0x0800496c   0x0800496c   0x00000110   Code   RO         3823    i.gyro_self_test    inv_mpu.o
    0x08004a7c   0x08004a7c   0x00000028   Code   RO         3824    i.inv_orientation_matrix_to_scalar  inv_mpu.o
    0x08004aa4   0x08004aa4   0x0000004e   Code   RO         3825    i.inv_row_2_scale   inv_mpu.o
    0x08004af2   0x08004af2   0x00000074   Code   RO         4981    i.ldexp             m_ws.l(ldexp.o)
    0x08004b66   0x08004b66   0x00000002   PAD
    0x08004b68   0x08004b68   0x00000170   Code   RO         3695    i.main              main.o
    0x08004cd8   0x08004cd8   0x0000005c   Code   RO         4344    i.mpu6050_read      mpu6050.o
    0x08004d34   0x08004d34   0x00000016   Code   RO         4345    i.mpu6050_read_reg  mpu6050.o
    0x08004d4a   0x08004d4a   0x00000044   Code   RO         4346    i.mpu6050_write     mpu6050.o
    0x08004d8e   0x08004d8e   0x00000012   Code   RO         4347    i.mpu6050_write_reg  mpu6050.o
    0x08004da0   0x08004da0   0x00000070   Code   RO         3826    i.mpu_configure_fifo  inv_mpu.o
    0x08004e10   0x08004e10   0x0000004c   Code   RO         3827    i.mpu_get_accel_fsr  inv_mpu.o
    0x08004e5c   0x08004e5c   0x00000054   Code   RO         3829    i.mpu_get_accel_sens  inv_mpu.o
    0x08004eb0   0x08004eb0   0x00000010   Code   RO         3834    i.mpu_get_fifo_config  inv_mpu.o
    0x08004ec0   0x08004ec0   0x00000044   Code   RO         3835    i.mpu_get_gyro_fsr  inv_mpu.o
    0x08004f04   0x08004f04   0x00000050   Code   RO         3837    i.mpu_get_gyro_sens  inv_mpu.o
    0x08004f54   0x08004f54   0x00000050   Code   RO         3839    i.mpu_get_lpf       inv_mpu.o
    0x08004fa4   0x08004fa4   0x00000020   Code   RO         3841    i.mpu_get_sample_rate  inv_mpu.o
    0x08004fc4   0x08004fc4   0x00000190   Code   RO         3843    i.mpu_init          inv_mpu.o
    0x08005154   0x08005154   0x000000b8   Code   RO         3844    i.mpu_load_firmware  inv_mpu.o
    0x0800520c   0x0800520c   0x000000e0   Code   RO         3845    i.mpu_lp_accel_mode  inv_mpu.o
    0x080052ec   0x080052ec   0x000000c0   Code   RO         3848    i.mpu_read_fifo_stream  inv_mpu.o
    0x080053ac   0x080053ac   0x00000080   Code   RO         3849    i.mpu_read_mem      inv_mpu.o
    0x0800542c   0x0800542c   0x000001c8   Code   RO         3852    i.mpu_reset_fifo    inv_mpu.o
    0x080055f4   0x080055f4   0x0000011c   Code   RO         3853    i.mpu_run_self_test  inv_mpu.o
    0x08005710   0x08005710   0x00000084   Code   RO         3855    i.mpu_set_accel_fsr  inv_mpu.o
    0x08005794   0x08005794   0x0000014c   Code   RO         3856    i.mpu_set_bypass    inv_mpu.o
    0x080058e0   0x080058e0   0x00000090   Code   RO         3858    i.mpu_set_dmp_state  inv_mpu.o
    0x08005970   0x08005970   0x00000088   Code   RO         3859    i.mpu_set_gyro_fsr  inv_mpu.o
    0x080059f8   0x080059f8   0x0000006c   Code   RO         3860    i.mpu_set_int_latched  inv_mpu.o
    0x08005a64   0x08005a64   0x00000084   Code   RO         3862    i.mpu_set_lpf       inv_mpu.o
    0x08005ae8   0x08005ae8   0x0000009c   Code   RO         3863    i.mpu_set_sample_rate  inv_mpu.o
    0x08005b84   0x08005b84   0x000000d0   Code   RO         3864    i.mpu_set_sensors   inv_mpu.o
    0x08005c54   0x08005c54   0x00000080   Code   RO         3865    i.mpu_write_mem     inv_mpu.o
    0x08005cd4   0x08005cd4   0x0000013c   Code   RO         3696    i.pid_motor_forward  main.o
    0x08005e10   0x08005e10   0x0000012c   Code   RO         3697    i.pid_motor_inplace  main.o
    0x08005f3c   0x08005f3c   0x00000014   Code   RO         3244    i.power             sys.o
    0x08005f50   0x08005f50   0x00000094   Code   RO         3866    i.run_self_test     inv_mpu.o
    0x08005fe4   0x08005fe4   0x00000090   Code   RO         3867    i.set_int_enable    inv_mpu.o
    0x08006074   0x08006074   0x0000004c   Code   RO         4728    i.sqrt              m_ws.l(sqrt.o)
    0x080060c0   0x080060c0   0x0000002c   Code   RO         4782    locale$$code        c_w.l(lc_numeric_c.o)
    0x080060ec   0x080060ec   0x0000002c   Code   RO         4901    locale$$code        c_w.l(lc_ctype_c.o)
    0x08006118   0x08006118   0x00000062   Code   RO         4491    x$fpl$d2f           fz_ws.l(d2f.o)
    0x0800617a   0x0800617a   0x00000002   PAD
    0x0800617c   0x0800617c   0x00000150   Code   RO         4493    x$fpl$dadd          fz_ws.l(daddsub_clz.o)
    0x080062cc   0x080062cc   0x00000010   Code   RO         4790    x$fpl$dcheck1       fz_ws.l(dcheck1.o)
    0x080062dc   0x080062dc   0x00000018   Code   RO         4675    x$fpl$dcmpinf       fz_ws.l(dcmpi.o)
    0x080062f4   0x080062f4   0x000002b0   Code   RO         4500    x$fpl$ddiv          fz_ws.l(ddiv.o)
    0x080065a4   0x080065a4   0x00000078   Code   RO         4950    x$fpl$deqf          fz_ws.l(deqf.o)
    0x0800661c   0x0800661c   0x0000005e   Code   RO         4503    x$fpl$dfix          fz_ws.l(dfix.o)
    0x0800667a   0x0800667a   0x00000002   PAD
    0x0800667c   0x0800667c   0x00000078   Code   RO         4513    x$fpl$dleqf         fz_ws.l(dleqf.o)
    0x080066f4   0x080066f4   0x00000154   Code   RO         4515    x$fpl$dmul          fz_ws.l(dmul.o)
    0x08006848   0x08006848   0x0000009c   Code   RO         4677    x$fpl$dnaninf       fz_ws.l(dnaninf.o)
    0x080068e4   0x080068e4   0x0000000c   Code   RO         4679    x$fpl$dretinf       fz_ws.l(dretinf.o)
    0x080068f0   0x080068f0   0x0000006c   Code   RO         4952    x$fpl$drleqf        fz_ws.l(drleqf.o)
    0x0800695c   0x0800695c   0x00000016   Code   RO         4494    x$fpl$drsb          fz_ws.l(daddsub_clz.o)
    0x08006972   0x08006972   0x00000002   PAD
    0x08006974   0x08006974   0x000001cc   Code   RO         4792    x$fpl$dsqrt         fz_ws.l(dsqrt_noumaal.o)
    0x08006b40   0x08006b40   0x000001d4   Code   RO         4495    x$fpl$dsub          fz_ws.l(daddsub_clz.o)
    0x08006d14   0x08006d14   0x00000056   Code   RO         4517    x$fpl$f2d           fz_ws.l(f2d.o)
    0x08006d6a   0x08006d6a   0x00000002   PAD
    0x08006d6c   0x08006d6c   0x000000c4   Code   RO         4519    x$fpl$fadd          fz_ws.l(faddsub_clz.o)
    0x08006e30   0x08006e30   0x00000018   Code   RO         4681    x$fpl$fcmpinf       fz_ws.l(fcmpi.o)
    0x08006e48   0x08006e48   0x00000184   Code   RO         4526    x$fpl$fdiv          fz_ws.l(fdiv.o)
    0x08006fcc   0x08006fcc   0x00000068   Code   RO         4529    x$fpl$feqf          fz_ws.l(feqf.o)
    0x08007034   0x08007034   0x00000036   Code   RO         4531    x$fpl$ffix          fz_ws.l(ffix.o)
    0x0800706a   0x0800706a   0x00000002   PAD
    0x0800706c   0x0800706c   0x0000003e   Code   RO         4535    x$fpl$ffixu         fz_ws.l(ffixu.o)
    0x080070aa   0x080070aa   0x00000002   PAD
    0x080070ac   0x080070ac   0x00000030   Code   RO         4540    x$fpl$fflt          fz_ws.l(fflt_clz.o)
    0x080070dc   0x080070dc   0x00000026   Code   RO         4539    x$fpl$ffltu         fz_ws.l(fflt_clz.o)
    0x08007102   0x08007102   0x00000002   PAD
    0x08007104   0x08007104   0x00000068   Code   RO         4545    x$fpl$fleqf         fz_ws.l(fleqf.o)
    0x0800716c   0x0800716c   0x00000102   Code   RO         4547    x$fpl$fmul          fz_ws.l(fmul.o)
    0x0800726e   0x0800726e   0x0000008c   Code   RO         4683    x$fpl$fnaninf       fz_ws.l(fnaninf.o)
    0x080072fa   0x080072fa   0x0000000a   Code   RO         4685    x$fpl$fretinf       fz_ws.l(fretinf.o)
    0x08007304   0x08007304   0x00000062   Code   RO         4549    x$fpl$frleqf        fz_ws.l(frleqf.o)
    0x08007366   0x08007366   0x00000002   PAD
    0x08007368   0x08007368   0x000000ea   Code   RO         4521    x$fpl$fsub          fz_ws.l(faddsub_clz.o)
    0x08007452   0x08007452   0x00000006   Code   RO         4894    x$fpl$ieeestatus    fz_ws.l(istatus.o)
    0x08007458   0x08007458   0x00000064   Code   RO         4896    x$fpl$retnan        fz_ws.l(retnan.o)
    0x080074bc   0x080074bc   0x0000005c   Code   RO         4695    x$fpl$scalbn        fz_ws.l(scalbn.o)
    0x08007518   0x08007518   0x00000004   Code   RO         4794    x$fpl$scanf1        fz_ws.l(scanf1.o)
    0x0800751c   0x0800751c   0x00000008   Code   RO         4915    x$fpl$scanf2        fz_ws.l(scanf2.o)
    0x08007524   0x08007524   0x00000030   Code   RO         4921    x$fpl$trapveneer    fz_ws.l(trapv.o)
    0x08007554   0x08007554   0x00000000   Code   RO         4697    x$fpl$usenofp       fz_ws.l(usenofp.o)
    0x08007554   0x08007554   0x000005f0   Data   RO         3395    .constdata          oled.o
    0x08007b44   0x08007b44   0x00000050   Data   RO         3868    .constdata          inv_mpu.o
    0x08007b94   0x08007b94   0x00000bf6   Data   RO         4185    .constdata          inv_mpu_dmp_motion_driver.o
    0x0800878a   0x0800878a   0x00000006   PAD
    0x08008790   0x08008790   0x00000050   Data   RO         4553    .constdata          m_ws.l(asin.o)
    0x080087e0   0x080087e0   0x00000098   Data   RO         4700    .constdata          m_ws.l(atan.o)
    0x08008878   0x08008878   0x00000008   Data   RO         4726    .constdata          m_ws.l(qnan.o)
    0x08008880   0x08008880   0x00000094   Data   RO         4815    .constdata          c_w.l(bigflt0.o)
    0x08008914   0x08008914   0x00000020   Data   RO         5030    Region$$Table       anon$$obj.o
    0x08008934   0x08008934   0x00000008   Data   RO         4909    c$$dinf             fz_ws.l(fpconst.o)
    0x0800893c   0x0800893c   0x00000008   Data   RO         4912    c$$dmax             fz_ws.l(fpconst.o)
    0x08008944   0x08008944   0x0000001c   Data   RO         4781    locale$$data        c_w.l(lc_numeric_c.o)
    0x08008960   0x08008960   0x00000110   Data   RO         4900    locale$$data        c_w.l(lc_ctype_c.o)


    Execution Region RW_IRAM1 (Exec base: 0x20000000, Load base: 0x08008a70, Size: 0x00000768, Max: 0x00005000, ABSOLUTE)

    Exec Addr    Load Addr    Size         Type   Attr      Idx    E Section Name        Object

    0x20000000   0x08008a70   0x00000014   Data   RW         1805    .data               stm32f10x_rcc.o
    0x20000014   0x08008a84   0x00000003   Data   RW         3632    .data               serial.o
    0x20000017   0x08008a87   0x00000001   PAD
    0x20000018   0x08008a88   0x0000003c   Data   RW         3698    .data               main.o
    0x20000054   0x08008ac4   0x00000035   Data   RW         3869    .data               inv_mpu.o
    0x20000089   0x08008af9   0x00000003   PAD
    0x2000008c   0x08008afc   0x00000004   Data   RW         4481    .data               c_w.l(strtok.o)
    0x20000090        -       0x00000064   Zero   RW         3631    .bss                serial.o
    0x200000f4        -       0x00000010   Zero   RW         4184    .bss                inv_mpu_dmp_motion_driver.o
    0x20000104        -       0x00000060   Zero   RW         4797    .bss                c_w.l(libspace.o)
    0x20000164   0x08008b00   0x00000004   PAD
    0x20000168        -       0x00000200   Zero   RW            2    HEAP                startup_stm32f10x_md.o
    0x20000368        -       0x00000400   Zero   RW            1    STACK               startup_stm32f10x_md.o


==============================================================================

Image component sizes


      Code (inc. data)   RO Data    RW Data    ZI Data      Debug   Object Name

         0          0          0          0          0       4492   core_cm3.o
        94          0          0          0          0       1968   delay.o
      6686        214         80         53          0      30758   inv_mpu.o
      3092        124       3062          0         16      20678   inv_mpu_dmp_motion_driver.o
      1300        270          0         60          0       3935   main.o
       132         22          0          0          0     204879   misc.o
       424         24          0          0          0       1877   motor.o
       466          0          0          0          0       5973   mpu6050.o
       544         76          0          0          0       5140   mpu6050_i2c.o
       848         22       1520          0          0       8007   oled.o
       340         30          0          3        100       2018   serial.o
        64         26        236          0       1536        832   startup_stm32f10x_md.o
         0          0          0          0          0       1684   stm32f10x_adc.o
       296          0          0          0          0      11908   stm32f10x_gpio.o
        26          0          0          0          0       3982   stm32f10x_it.o
       276         32          0         20          0      13138   stm32f10x_rcc.o
       550         62          0          0          0      26198   stm32f10x_tim.o
       438          6          0          0          0      11592   stm32f10x_usart.o
       196          4          0          0          0       3659   sys.o
       328         28          0          0          0      45429   system_stm32f10x.o

    ----------------------------------------------------------------------
     16116        940       4936        140       1652     408147   Object Totals
         0          0         32          0          0          0   (incl. Generated)
        16          0          6          4          0          0   (incl. Padding)

    ----------------------------------------------------------------------

      Code (inc. data)   RO Data    RW Data    ZI Data      Debug   Library Member Name

         8          0          0          0          0         68   __main.o
        14          0          0          0          0         68   __printf_wp.o
         0          0          0          0          0          0   __rtentry.o
        12          0          0          0          0          0   __rtentry2.o
         6          0          0          0          0          0   __rtentry4.o
        52          8          0          0          0          0   __scatter.o
        26          0          0          0          0          0   __scatter_copy.o
        28          0          0          0          0          0   __scatter_zi.o
        28          0          0          0          0         68   _chval.o
        22          0          0          0          0        100   _rserrno.o
        64          0          0          0          0         84   _sgetc.o
        16          0          0          0          0         68   aeabi_memset.o
       228          4        148          0          0         96   bigflt0.o
      1924        136          0          0          0        756   btod.o
        18          0          0          0          0         80   exit.o
         6          0          0          0          0        152   heapauxi.o
         0          0          0          0          0          0   indicate_semi.o
        18          0          0          0          0         76   isspace.o
        44         10        272          0          0         76   lc_ctype_c.o
        44         10         28          0          0         76   lc_numeric_c.o
         2          0          0          0          0          0   libinit.o
        30          0          0          0          0          0   libinit2.o
         2          0          0          0          0          0   libshutdown.o
         2          0          0          0          0          0   libshutdown2.o
         8          4          0          0         96         68   libspace.o
        72          0          0          0          0         76   llsdiv.o
        38          0          0          0          0         68   llshl.o
       238          0          0          0          0        100   lludivv7m.o
        88          0          0          0          0         76   memcmp.o
        16          4          0          0          0         76   rt_ctype_table.o
         8          4          0          0          0         68   rt_errno_addr_intlibspace.o
         8          4          0          0          0         68   rt_locale_intlibspace.o
        68          0          0          0          0         68   rt_memclr.o
        78          0          0          0          0         80   rt_memclr_w.o
         2          0          0          0          0          0   rtexit.o
        10          0          0          0          0          0   rtexit2.o
      1272         16          0          0          0        168   scanf_fp.o
       800         14          0          0          0        100   scanf_hexfp.o
       308         16          0          0          0        100   scanf_infnan.o
       128          0          0          0          0         68   strcmpv7m.o
        32          0          0          0          0         80   strcspn.o
        28          0          0          0          0         80   strspn.o
       164         14          0          0          0        120   strtod.o
        12          6          0          4          0         68   strtok.o
        68          4          0          0          0         84   strtok_int.o
        12          4          0          0          0         68   sys_exit.o
        74          0          0          0          0         80   sys_stackheap_outer.o
         2          0          0          0          0         68   use_no_semi.o
        98          4          0          0          0         92   d2f.o
       826         16          0          0          0        348   daddsub_clz.o
        16          4          0          0          0         68   dcheck1.o
        24          0          0          0          0         68   dcmpi.o
       688        140          0          0          0        208   ddiv.o
       120          4          0          0          0         92   deqf.o
        94          4          0          0          0         92   dfix.o
       120          4          0          0          0         92   dleqf.o
       340         12          0          0          0        104   dmul.o
       156          4          0          0          0         92   dnaninf.o
        12          0          0          0          0         68   dretinf.o
       108          0          0          0          0         80   drleqf.o
       460         56          0          0          0        120   dsqrt_noumaal.o
        86          4          0          0          0         84   f2d.o
       430          8          0          0          0        168   faddsub_clz.o
        24          0          0          0          0         68   fcmpi.o
       388         76          0          0          0         96   fdiv.o
       104          4          0          0          0         84   feqf.o
        54          4          0          0          0         84   ffix.o
        62          4          0          0          0         84   ffixu.o
        86          0          0          0          0        136   fflt_clz.o
       104          4          0          0          0         84   fleqf.o
       258          4          0          0          0         84   fmul.o
       140          4          0          0          0         84   fnaninf.o
         0          0         16          0          0          0   fpconst.o
        10          0          0          0          0         68   fretinf.o
        98          0          0          0          0         68   frleqf.o
         6          0          0          0          0         68   istatus.o
       100          0          0          0          0         68   retnan.o
        92          0          0          0          0         68   scalbn.o
         4          0          0          0          0         68   scanf1.o
         8          0          0          0          0         84   scanf2.o
        48          0          0          0          0         68   trapv.o
         0          0          0          0          0          0   usenofp.o
       624         52         80          0          0        168   asin.o
       544         70        152          0          0        124   atan.o
       384         38          0          0          0        144   atan2.o
        42          0          0          0          0         84   atof.o
        52          6          0          0          0        340   dunder.o
        40          0          0          0          0         68   fpclassify.o
        88          8          0          0          0         76   frexp.o
       138          0          0          0          0        160   ldexp.o
       204          4          0          0          0        168   narrow.o
       170          0          0          0          0         96   poly.o
         0          0          8          0          0          0   qnan.o
        76          0          0          0          0         84   sqrt.o

    ----------------------------------------------------------------------
     13684        796        704          4        100       8252   Library Totals
        30          0          0          0          4          0   (incl. Padding)

    ----------------------------------------------------------------------

      Code (inc. data)   RO Data    RW Data    ZI Data      Debug   Library Name

      6128        258        448          4         96       3600   c_w.l
      5164        360         16          0          0       3140   fz_ws.l
      2362        178        240          0          0       1512   m_ws.l

    ----------------------------------------------------------------------
     13684        796        704          4        100       8252   Library Totals

    ----------------------------------------------------------------------

==============================================================================


      Code (inc. data)   RO Data    RW Data    ZI Data      Debug   

     29800       1736       5640        144       1752     404799   Grand Totals
     29800       1736       5640        144       1752     404799   ELF Image Totals
     29800       1736       5640        144          0          0   ROM Totals

==============================================================================

    Total RO  Size (Code + RO Data)                35440 (  34.61kB)
    Total RW  Size (RW Data + ZI Data)              1896 (   1.85kB)
    Total ROM Size (Code + RO Data + RW Data)      35584 (  34.75kB)

==============================================================================

